<html>
<body>
<pre>
<h1>礦ision Build Log</h1>
<h2>Project:</h2>
E:\毕设相关\开发代码\Slave_Control\Slave_Control_code1.19\USER\STM32-DEMO.uvproj
Project File Date:  01/12/2015

<h2>Output:</h2>
Build target 'Target 1'
compiling main.c...
..\USERHARDWARE\init.h(74): warning:  #223-D: function "delay_ms" declared implicitly
          delay_ms(100);
..\USERHARDWARE\init.h(85): warning:  #223-D: function "delay_ms" declared implicitly
          delay_ms(100);
..\USERHARDWARE\init.h(94): warning:  #177-D: variable "start_delay" was declared but never referenced
      u16 start_delay = 0;
..\USERHARDWARE\init.h(107): warning:  #223-D: function "USART3_Config" declared implicitly
          USART3_Config();               //载波通讯
..\USERHARDWARE\init.h(110): warning:  #223-D: function "delay_ms" declared implicitly
          delay_ms(50);
..\USERHARDWARE\init.h(137): warning:  #223-D: function "USART3_Config" declared implicitly
          USART3_Config();               //载波通讯
..\USERHARDWARE\init.h(140): warning:  #223-D: function "delay_ms" declared implicitly
          delay_ms(50);
..\USERHARDWARE\init.h(188): warning:  #223-D: function "delay_us" declared implicitly
                                                        delay_us(500);
main.c(22): warning:  #223-D: function "delay_ms" declared implicitly
  delay_ms(200);
main.c: 9 warnings, 0 errors
linking...
Program Size: Code=7894 RO-data=5062 RW-data=60 ZI-data=2748  
"..\Output\Main_Control_code.axf" - 0 Error(s), 9 Warning(s).
Load "..\\Output\\Main_Control_code.axf" 
Set JLink Project File to "E:\毕设相关\开发代码\Slave_Control\Slave_Control_code1.19\USER\JLinkSettings.ini"
* JLink Info: Device "STM32F103VE" selected (512 KB flash, 64 KB RAM).
 
JLink info:
------------
DLL: V4.80g, compiled Feb 13 2014 20:50:02
Firmware: J-Link ARM V8 compiled Nov 25 2013 19:20:08
Hardware: V8.00
S/N : 17935099 
Feature(s) : RDI,FlashDL,FlashBP,JFlash 
 
* JLink Info: Found SWD-DP with ID 0x1BA01477
* JLink Info: Found SWD-DP with ID 0x1BA01477
* JLink Info: Found Cortex-M3 r1p1, Little endian.
* JLink Info: FPUnit: 6 code (BP) slots and 2 literal slots
* JLink Info: TPIU fitted.
* JLink Info: ETM fitted.
ROMTableAddr = 0xE00FF003
 
Target info:
------------
Device: STM32F103VE
VTarget = 3.300V
State of Pins: 
TCK: 0, TDI: 0, TDO: 0, TMS: 1, TRES: 1, TRST: 0
Hardware-Breakpoints: 6
Software-Breakpoints: 8192
Watchpoints:          4
JTAG speed: 4000 kHz
 
Erase Done.
* JLink Info: STM32F1xxx: Can not attach to CPU. Trying connect under reset.
***JLink Error: Could not read hardware status!
* JLink Info: STM32F1xxx: Can not attach to CPU. Trying connect under reset.
* JLink Info: STM32F1xxx: Can not attach to CPU. Trying connect under reset.
Programming Failed!
Error: Flash Download failed  -  "Cortex-M3"
Load "..\\Output\\Main_Control_code.axf" 
Set JLink Project File to "E:\毕设相关\开发代码\Slave_Control\Slave_Control_code1.19\USER\JLinkSettings.ini"
* JLink Info: Device "STM32F103VE" selected (512 KB flash, 64 KB RAM).
 
JLink info:
------------
DLL: V4.80g, compiled Feb 13 2014 20:50:02
Firmware: J-Link ARM V8 compiled Nov 25 2013 19:20:08
Hardware: V8.00
S/N : 17935099 
Feature(s) : RDI,FlashDL,FlashBP,JFlash 
 
* JLink Info: Found SWD-DP with ID 0x1BA01477
* JLink Info: Found SWD-DP with ID 0x1BA01477
* JLink Info: Found Cortex-M3 r1p1, Little endian.
* JLink Info: FPUnit: 6 code (BP) slots and 2 literal slots
* JLink Info: TPIU fitted.
* JLink Info: ETM fitted.
ROMTableAddr = 0xE00FF003
 
Target info:
------------
Device: STM32F103VE
VTarget = 3.306V
State of Pins: 
TCK: 0, TDI: 0, TDO: 0, TMS: 1, TRES: 1, TRST: 0
Hardware-Breakpoints: 6
Software-Breakpoints: 8192
Watchpoints:          4
JTAG speed: 4000 kHz
 
Erase Done.
Programming Done.
Verify OK.
Application running ...
Load "..\\Output\\Main_Control_code.axf" 
Set JLink Project File to "E:\毕设相关\开发代码\Slave_Control\Slave_Control_code1.19\USER\JLinkSettings.ini"
* JLink Info: Device "STM32F103VE" selected (512 KB flash, 64 KB RAM).
 
JLink info:
------------
DLL: V4.80g, compiled Feb 13 2014 20:50:02
Firmware: J-Link ARM V8 compiled Nov 25 2013 19:20:08
Hardware: V8.00
S/N : 17935099 
Feature(s) : RDI,FlashDL,FlashBP,JFlash 
 
* JLink Info: Found SWD-DP with ID 0x1BA01477
* JLink Info: Found SWD-DP with ID 0x1BA01477
* JLink Info: Found Cortex-M3 r1p1, Little endian.
* JLink Info: FPUnit: 6 code (BP) slots and 2 literal slots
* JLink Info: TPIU fitted.
* JLink Info: ETM fitted.
ROMTableAddr = 0xE00FF003
 
Target info:
------------
Device: STM32F103VE
VTarget = 3.300V
State of Pins: 
TCK: 0, TDI: 0, TDO: 0, TMS: 1, TRES: 1, TRST: 0
Hardware-Breakpoints: 6
Software-Breakpoints: 8192
Watchpoints:          4
JTAG speed: 4000 kHz
 
Erase Done.
Programming Done.
Verify OK.
Application running ...
Load "..\\Output\\Main_Control_code.axf" 
Set JLink Project File to "E:\毕设相关\开发代码\Slave_Control\Slave_Control_code1.19\USER\JLinkSettings.ini"
* JLink Info: Device "STM32F103VE" selected (512 KB flash, 64 KB RAM).
 
JLink info:
------------
DLL: V4.80g, compiled Feb 13 2014 20:50:02
Firmware: J-Link ARM V8 compiled Nov 25 2013 19:20:08
Hardware: V8.00
S/N : 17935099 
Feature(s) : RDI,FlashDL,FlashBP,JFlash 
 
* JLink Info: Found SWD-DP with ID 0x1BA01477
* JLink Info: Found SWD-DP with ID 0x1BA01477
* JLink Info: Found Cortex-M3 r1p1, Little endian.
* JLink Info: FPUnit: 6 code (BP) slots and 2 literal slots
* JLink Info: TPIU fitted.
* JLink Info: ETM fitted.
ROMTableAddr = 0xE00FF003
 
Target info:
------------
Device: STM32F103VE
VTarget = 3.300V
State of Pins: 
TCK: 0, TDI: 0, TDO: 0, TMS: 1, TRES: 1, TRST: 0
Hardware-Breakpoints: 6
Software-Breakpoints: 8192
Watchpoints:          4
JTAG speed: 4000 kHz
 
Erase Done.
Programming Done.
Verify OK.
Application running ...
 selected (512 KB flash, 64 KB RAM).
 
JLink info:
------------
DLL: V4.80g, compiled Feb 13 2014 20:50:02
Firmware: J-Link ARM V8 compiled Nov 25 2013 19:20:08
Hardware: V8.00
S/N : 17935099 
Feature(s) : RDI,FlashDL,FlashBP,JFlash 
 
* JLink Info: Found SWD-DP with ID 0x1BA01477
* JLink Info: Found SWD-DP with ID 0x1BA01477
* JLink Info: Found Cortex-M3 r1p1, Little endian.
* JLink Info: FPUnit: 6 code (BP) slots and 2 literal slots
* JLink Info: TPIU fitted.
* JLink Info: ETM fitted.
ROMTableAddr = 0xE00FF003
 
Target info:
------------
Device: STM32F103VE
VTarget = 3.300V
State of Pins: 
TCK: 0, TDI: 0, TDO: 0, TMS: 1, TRES: 1, TRST: 0
Hardware-Breakpoints: 6
Software-Breakpoints: 8192
Watchpoints:          4
JTAG speed: 4000 kHz
 
Erase Done.
Programming Done.
Verify OK.
Application running ...
Load "..\\Output\\Main_Control_code.axf" 
Set JLink Project File to "E:\毕设相关\开发代码\Slave_Control\Slave_Control_code1.19\USER\JLinkSettings.ini"
* JLink Info: Device "STM32F103VE" selected (512 KB flash, 64 KB RAM).
 
JLink info:
------------
DLL: V4.80g, compiled Feb 13 2014 20:50:02
Firmware: J-Link ARM V8 compiled Nov 25 2013 19:20:08
Hardware: V8.00
S/N : 17935099 
Feature(s) : RDI,FlashDL,FlashBP,JFlash 
 
* JLink Info: Found SWD-DP with ID 0x1BA01477
* JLink Info: Found SWD-DP with ID 0x1BA01477
* JLink Info: Found Cortex-M3 r1p1, Little endian.
* JLink Info: FPUnit: 6 code (BP) slots and 2 literal slots
* JLink Info: TPIU fitted.
* JLink Info: ETM fitted.
ROMTableAddr = 0xE00FF003
 
Target info:
------------
Device: STM32F103VE
VTarget = 3.300V
State of Pins: 
TCK: 0, TDI: 0, TDO: 0, TMS: 1, TRES: 1, TRST: 0
Hardware-Breakpoints: 6
Software-Breakpoints: 8192
Watchpoints:          4
JTAG speed: 4000 kHz
 
Erase Done.
Programming Done.
* JLink Info: STM32F1xxx: Can not attach to CPU. Trying connect under reset.
***JLink Error: Could not read hardware status!
* JLink Info: STM32F1xxx: Can not attach to CPU. Trying connect under reset.
* JLink Info: STM32F1xxx: Can not attach to CPU. Trying connect under reset.
* JLink Info: STM32F1xxx: Can not attach to CPU. Trying connect under reset.
* JLink Info: STM32F1xxx: Can not attach to CPU. Trying connect under reset.
* JLink Info: STM32F1xxx: Can not attach to CPU. Trying connect under reset.
* JLink Info: STM32F1xxx: Can not attach to CPU. Trying connect under reset.
Contents mismatch at: 08000000H  (Flash=00H  Required=F8H) !
Contents mismatch at: 08000001H  (Flash=BEH  Required=0AH) !
Contents mismatch at: 08000002H  (Flash=0AH  Required=00H) !
Contents mismatch at: 08000003H  (Flash=E0H  Required=20H) !
Contents mismatch at: 08000004H  (Flash=0DH  Required=45H) !
Contents mismatch at: 08000005H  (Flash=78H  Required=01H) !
Contents mismatch at: 08000006H  (Flash=2DH  Required=00H) !
Contents mismatch at: 08000007H  (Flash=06H  Required=08H) !
Contents mismatch at: 08000008H  (Flash=68H  Required=C9H) !
Contents mismatch at: 08000009H  (Flash=40H  Required=0EH) !
Contents mismatch at: 0800000AH  (Flash=08H  Required=00H) !
Contents mismatch at: 0800000BH  (Flash=24H  Required=08H) !
Contents mismatch at: 0800000CH  (Flash=40H  Required=CBH) !
Contents mismatch at: 0800000DH  (Flash=00H  Required=0EH) !
Contents mismatch at: 0800000FH  (Flash=D3H  Required=08H) !
Contents mismatch at: 08000010H  (Flash=58H  Required=CFH) !
Contents mismatch at: 08000011H  (Flash=40H  Required=0EH) !
Contents mismatch at: 08000012H  (Flash=64H  Required=00H) !
Contents mismatch at: 08000013H  (Flash=1EH  Required=08H) !
Contents mismatch at: 08000014H  (Flash=FAH  Required=D3H) !
Contents mismatch at: 08000015H  (Flash=D1H  Required=0EH) !
Contents mismatch at: 08000016H  (Flash=49H  Required=00H) !
Contents mismatch at: 08000017H  (Flash=1CH  Required=08H) !
Contents mismatch at: 08000018H  (Flash=52H  Required=D7H) !
Contents mismatch at: 08000019H  (Flash=1EH  Required=0EH) !
Contents mismatch at: 0800001BH  (Flash=2AH  Required=08H) !
Contents mismatch at: 0800001CH  (Flash=F2H  Required=00H) !
Contents mismatch at: 0800001DH  (Flash=D1H  Required=00H) !
Contents mismatch at: 0800001EH  (Flash=70H  Required=00H) !
Contents mismatch at: 0800001FH  (Flash=47H  Required=00H) !
Contents mismatch at: 08000020H  (Flash=05H  Required=00H) !
Contents mismatch at: 08000021H  (Flash=E0H  Required=00H) !
Contents mismatch at: 08000022H  (Flash=03H  Required=00H) !
Contents mismatch at: 08000023H  (Flash=78H  Required=00H) !
Contents mismatch at: 08000024H  (Flash=40H  Required=00H) !
Contents mismatch at: 08000025H  (Flash=1CH  Required=00H) !
Contents mismatch at: 08000026H  (Flash=93H  Required=00H) !
Contents mismatch at: 08000027H  (Flash=42H  Required=00H) !
Contents mismatch at: 08000028H  (Flash=01H  Required=00H) !
Contents mismatch at: 08000029H  (Flash=D0H  Required=00H) !
Contents mismatch at: 0800002AH  (Flash=01H  Required=00H) !
Contents mismatch at: 0800002BH  (Flash=20H  Required=00H) !
Contents mismatch at: 0800002CH  (Flash=70H  Required=DBH) !
Contents mismatch at: 0800002DH  (Flash=47H  Required=0EH) !
Contents mismatch at: 0800002EH  (Flash=49H  Required=00H) !
Contents mismatch at: 0800002FH  (Flash=1EH  Required=08H) !
Contents mismatch at: 08000030H  (Flash=F7H  Required=DDH) !
Contents mismatch at: 08000031H  (Flash=D2H  Required=0EH) !
Contents mismatch at: 08000033H  (Flash=20H  Required=08H) !
Contents mismatch at: 08000034H  (Flash=70H  Required=00H) !
Contents mismatch at: 08000035H  (Flash=47H  Required=00H) !
Contents mismatch at: 08000036H  (Flash=18H  Required=00H) !
Contents mismatch at: 08000038H  (Flash=10H  Required=DFH) !
Contents mismatch at: 08000039H  (Flash=B5H  Required=0EH) !
Contents mismatch at: 0800003AH  (Flash=03H  Required=00H) !
Contents mismatch at: 0800003BH  (Flash=46H  Required=08H) !
Contents mismatch at: 0800003CH  (Flash=00H  Required=E1H) !
Contents mismatch at: 0800003DH  (Flash=20H  Required=0EH) !
Contents mismatch at: 0800003EH  (Flash=44H  Required=00H) !
Contents mismatch at: 0800003FH  (Flash=4CH  Required=08H) !
Contents mismatch at: 08000040H  (Flash=20H  Required=5FH) !
Contents mismatch at: 08000041H  (Flash=60H  Required=01H) !
Contents mismatch at: 08000042H  (Flash=44H  Required=00H) !
Contents mismatch at: 08000043H  (Flash=48H  Required=08H) !
Contents mismatch at: 08000044H  (Flash=60H  Required=5FH) !
Contents mismatch at: 08000045H  (Flash=60H  Required=01H) !
Contents mismatch at: 08000046H  (Flash=44H  Required=00H) !
Contents mismatch at: 08000047H  (Flash=48H  Required=08H) !
Contents mismatch at: 08000048H  (Flash=60H  Required=5FH) !
Contents mismatch at: 08000049H  (Flash=60H  Required=01H) !
Contents mismatch at: 0800004AH  (Flash=20H  Required=00H) !
Contents mismatch at: 0800004BH  (Flash=46H  Required=08H) !
Contents mismatch at: 0800004CH  (Flash=C0H  Required=5FH) !
Contents mismatch at: 0800004DH  (Flash=69H  Required=01H) !
Contents mismatch at: 0800004EH  (Flash=10H  Required=00H) !
Contents mismatch at: 0800004FH  (Flash=F0H  Required=08H) !
Contents mismatch at: 08000050H  (Flash=04H  Required=5FH) !
Contents mismatch at: 08000051H  (Flash=0FH  Required=01H) !
Contents mismatch at: 08000052H  (Flash=08H  Required=00H) !
Contents mismatch at: 08000053H  (Flash=D1H  Required=08H) !
Contents mismatch at: 08000054H  (Flash=45H  Required=5FH) !
Contents mismatch at: 08000055H  (Flash=F2H  Required=01H) !
Contents mismatch at: 08000056H  (Flash=55H  Required=00H) !
Contents mismatch at: 08000057H  (Flash=50H  Required=08H) !
Contents mismatch at: 08000058H  (Flash=40H  Required=5FH) !
Contents mismatch at: 08000059H  (Flash=4CH  Required=01H) !
Contents mismatch at: 0800005AH  (Flash=20H  Required=00H) !
Contents mismatch at: 0800005BH  (Flash=60H  Required=08H) !
Contents mismatch at: 0800005CH  (Flash=06H  Required=5FH) !
Contents mismatch at: 0800005DH  (Flash=20H  Required=01H) !
Contents mismatch at: 0800005EH  (Flash=60H  Required=00H) !
Contents mismatch at: 0800005FH  (Flash=60H  Required=08H) !
Contents mismatch at: 08000060H  (Flash=40H  Required=5FH) !
Contents mismatch at: 08000061H  (Flash=F6H  Required=01H) !
Contents mismatch at: 08000062H  (Flash=FFH  Required=00H) !
Contents mismatch at: 08000063H  (Flash=70H  Required=08H) !
Contents mismatch at: 08000064H  (Flash=A0H  Required=5FH) !
Contents mismatch at: 08000065H  (Flash=60H  Required=01H) !
Contents mismatch at: 08000067H  (Flash=20H  Required=08H) !
Contents mismatch at: 08000068H  (Flash=10H  Required=5FH) !
Too many errors to display !
Error: Flash Download failed  -  "Cortex-M3"
