<html>
<body>
<pre>
<h1>µVision Build Log</h1>
<h2>Project:</h2>
D:\Desktop\Main_Control_code\USER\STM32-DEMO.uvproj
Project File Date:  09/20/2014

<h2>Output:</h2>
Build target 'Target 1'
linking...
Program Size: Code=632 RO-data=336 RW-data=20 ZI-data=1028  
"..\Output\Main_Control_code.axf" - 0 Error(s), 0 Warning(s).
r(s), 0 Warning(s).
_bkp.c...
compiling stm32f10x_can.c...
compiling stm32f10x_cec.c...
compiling stm32f10x_crc.c...
compiling stm32f10x_dac.c...
compiling stm32f10x_dbgmcu.c...
compiling stm32f10x_dma.c...
compiling stm32f10x_exti.c...
compiling stm32f10x_flash.c...
compiling stm32f10x_fsmc.c...
compiling stm32f10x_gpio.c...
compiling stm32f10x_i2c.c...
compiling stm32f10x_iwdg.c...
compiling stm32f10x_pwr.c...
compiling stm32f10x_rcc.c...
compiling stm32f10x_rtc.c...
compiling stm32f10x_sdio.c...
compiling stm32f10x_spi.c...
compiling stm32f10x_tim.c...
compiling stm32f10x_usart.c...
compiling stm32f10x_wwdg.c...
compiling core_cm3.c...
compiling system_stm32f10x.c...
linking...
Program Size: Code=632 RO-data=336 RW-data=20 ZI-data=1028  
"..\Output\Main_Control_code.axf" - 0 Error(s), 0 Warning(s).
