ARM Linker, 5.03 [Build 76] [MDK-ARM Standard]

==============================================================================

Section Cross References

    startup_stm32f10x_hd.o(RESET) refers to startup_stm32f10x_hd.o(STACK) for __initial_sp
    startup_stm32f10x_hd.o(RESET) refers to startup_stm32f10x_hd.o(.text) for Reset_Handler
    startup_stm32f10x_hd.o(RESET) refers to stm32f10x_it.o(.text) for NMI_Handler
    startup_stm32f10x_hd.o(RESET) refers to main.o(.text) for TIM1_UP_IRQHandler
    startup_stm32f10x_hd.o(RESET) refers to command.o(.text) for USART1_IRQHandler
    startup_stm32f10x_hd.o(.text) refers to system_stm32f10x.o(.text) for SystemInit
    startup_stm32f10x_hd.o(.text) refers to entry.o(.ARM.Collect$$$$00000000) for __main
    main.o(.text) refers to stm32f10x_rcc.o(.text) for RCC_APB2PeriphClockCmd
    main.o(.text) refers to stm32f10x_gpio.o(.text) for GPIO_PinRemapConfig
    main.o(.text) refers to stm32f10x_usart.o(.text) for USART_Init
    main.o(.text) refers to stm32f10x_tim.o(.text) for TIM_DeInit
    main.o(.text) refers to misc.o(.text) for NVIC_PriorityGroupConfig
    main.o(.text) refers to system_stm32f10x.o(.text) for SystemInit
    main.o(.text) refers to usart.o(.text) for USART3_Config
    main.o(.text) refers to main.o(.bss) for get_sockettype
    main.o(.text) refers to main.o(.data) for module_flag
    main.o(.text) refers to command.o(.data) for handle_flag
    tempad.o(.text) refers to stm32f10x_rcc.o(.text) for RCC_AHBPeriphClockCmd
    tempad.o(.text) refers to stm32f10x_dma.o(.text) for DMA_Init
    tempad.o(.text) refers to stm32f10x_adc.o(.text) for ADC_Init
    tempad.o(.text) refers to tempad.o(.data) for ADC_ConvertedValue
    usart.o(.text) refers to stm32f10x_rcc.o(.text) for RCC_APB2PeriphClockCmd
    usart.o(.text) refers to stm32f10x_gpio.o(.text) for GPIO_Init
    usart.o(.text) refers to stm32f10x_usart.o(.text) for USART_Init
    usart.o(.text) refers to misc.o(.text) for NVIC_PriorityGroupConfig
    command.o(.text) refers to stm32f10x_usart.o(.text) for USART_GetITStatus
    command.o(.text) refers to command.o(.bss) for recive_temp
    command.o(.text) refers to command.o(.data) for temp_cnt
    stm32f10x_gpio.o(.text) refers to stm32f10x_rcc.o(.text) for RCC_APB2PeriphResetCmd
    stm32f10x_rcc.o(.text) refers to stm32f10x_rcc.o(.data) for APBAHBPrescTable
    stm32f10x_tim.o(.text) refers to stm32f10x_rcc.o(.text) for RCC_APB2PeriphResetCmd
    stm32f10x_usart.o(.text) refers to stm32f10x_rcc.o(.text) for RCC_APB2PeriphResetCmd
    stm32f10x_adc.o(.text) refers to stm32f10x_rcc.o(.text) for RCC_APB2PeriphResetCmd
    system_stm32f10x.o(.text) refers to system_stm32f10x.o(.data) for SystemCoreClock
    entry.o(.ARM.Collect$$$$00000000) refers (Special) to entry10a.o(.ARM.Collect$$$$0000000D) for __rt_final_cpp
    entry.o(.ARM.Collect$$$$00000000) refers (Special) to entry11a.o(.ARM.Collect$$$$0000000F) for __rt_final_exit
    entry.o(.ARM.Collect$$$$00000000) refers (Special) to entry7b.o(.ARM.Collect$$$$00000008) for _main_clock
    entry.o(.ARM.Collect$$$$00000000) refers (Special) to entry8b.o(.ARM.Collect$$$$0000000A) for _main_cpp_init
    entry.o(.ARM.Collect$$$$00000000) refers (Special) to entry9a.o(.ARM.Collect$$$$0000000B) for _main_init
    entry.o(.ARM.Collect$$$$00000000) refers (Special) to entry5.o(.ARM.Collect$$$$00000004) for _main_scatterload
    entry.o(.ARM.Collect$$$$00000000) refers (Special) to entry2.o(.ARM.Collect$$$$00000001) for _main_stk
    entry2.o(.ARM.Collect$$$$00000001) refers to entry2.o(.ARM.Collect$$$$00002712) for __lit__00000000
    entry2.o(.ARM.Collect$$$$00002712) refers to startup_stm32f10x_hd.o(STACK) for __initial_sp
    entry2.o(__vectab_stack_and_reset_area) refers to startup_stm32f10x_hd.o(STACK) for __initial_sp
    entry2.o(__vectab_stack_and_reset_area) refers to entry.o(.ARM.Collect$$$$00000000) for __main
    entry5.o(.ARM.Collect$$$$00000004) refers to init.o(.text) for __scatterload
    entry9a.o(.ARM.Collect$$$$0000000B) refers to main.o(.text) for main
    entry9b.o(.ARM.Collect$$$$0000000C) refers to main.o(.text) for main
    init.o(.text) refers to entry5.o(.ARM.Collect$$$$00000004) for __main_after_scatterload


==============================================================================

Removing Unused input sections from the image.

    Removing startup_stm32f10x_hd.o(HEAP), (512 bytes).
    Removing tempad.o(.text), (256 bytes).
    Removing tempad.o(.data), (2 bytes).
    Removing stm32f10x_dbgmcu.o(.text), (48 bytes).
    Removing stm32f10x_flash.o(.text), (1468 bytes).
    Removing stm32f10x_dma.o(.text), (592 bytes).
    Removing stm32f10x_adc.o(.text), (1102 bytes).
    Removing core_cm3.o(.emb_text), (32 bytes).

8 unused section(s) (total 4012 bytes) removed from the image.

==============================================================================

Image Symbol Table

    Local Symbols

    Symbol Name                              Value     Ov Type        Size  Object(Section)

    ../clib/microlib/init/entry.s            0x00000000   Number         0  entry7b.o ABSOLUTE
    ../clib/microlib/init/entry.s            0x00000000   Number         0  entry11b.o ABSOLUTE
    ../clib/microlib/init/entry.s            0x00000000   Number         0  entry11a.o ABSOLUTE
    ../clib/microlib/init/entry.s            0x00000000   Number         0  entry10a.o ABSOLUTE
    ../clib/microlib/init/entry.s            0x00000000   Number         0  entry9b.o ABSOLUTE
    ../clib/microlib/init/entry.s            0x00000000   Number         0  entry.o ABSOLUTE
    ../clib/microlib/init/entry.s            0x00000000   Number         0  entry2.o ABSOLUTE
    ../clib/microlib/init/entry.s            0x00000000   Number         0  entry5.o ABSOLUTE
    ../clib/microlib/init/entry.s            0x00000000   Number         0  entry9a.o ABSOLUTE
    ../clib/microlib/init/entry.s            0x00000000   Number         0  entry7a.o ABSOLUTE
    ../clib/microlib/init/entry.s            0x00000000   Number         0  entry8b.o ABSOLUTE
    ../clib/microlib/init/entry.s            0x00000000   Number         0  entry8a.o ABSOLUTE
    ../clib/microlib/init/entry.s            0x00000000   Number         0  entry10b.o ABSOLUTE
    ..\CMSIS\core_cm3.c                      0x00000000   Number         0  core_cm3.o ABSOLUTE
    ..\CMSIS\startup\startup_stm32f10x_hd.s  0x00000000   Number         0  startup_stm32f10x_hd.o ABSOLUTE
    ..\CMSIS\system_stm32f10x.c              0x00000000   Number         0  system_stm32f10x.o ABSOLUTE
    ..\FWlib\src\misc.c                      0x00000000   Number         0  misc.o ABSOLUTE
    ..\FWlib\src\stm32f10x_adc.c             0x00000000   Number         0  stm32f10x_adc.o ABSOLUTE
    ..\FWlib\src\stm32f10x_dbgmcu.c          0x00000000   Number         0  stm32f10x_dbgmcu.o ABSOLUTE
    ..\FWlib\src\stm32f10x_dma.c             0x00000000   Number         0  stm32f10x_dma.o ABSOLUTE
    ..\FWlib\src\stm32f10x_flash.c           0x00000000   Number         0  stm32f10x_flash.o ABSOLUTE
    ..\FWlib\src\stm32f10x_gpio.c            0x00000000   Number         0  stm32f10x_gpio.o ABSOLUTE
    ..\FWlib\src\stm32f10x_rcc.c             0x00000000   Number         0  stm32f10x_rcc.o ABSOLUTE
    ..\FWlib\src\stm32f10x_tim.c             0x00000000   Number         0  stm32f10x_tim.o ABSOLUTE
    ..\FWlib\src\stm32f10x_usart.c           0x00000000   Number         0  stm32f10x_usart.o ABSOLUTE
    ..\USERHARDWARE\TEMP\tempad.c            0x00000000   Number         0  tempad.o ABSOLUTE
    ..\USERHARDWARE\UART\usart.c             0x00000000   Number         0  usart.o ABSOLUTE
    ..\USERHARDWARE\command.c                0x00000000   Number         0  command.o ABSOLUTE
    ..\\CMSIS\\core_cm3.c                    0x00000000   Number         0  core_cm3.o ABSOLUTE
    dc.s                                     0x00000000   Number         0  dc.o ABSOLUTE
    handlers.s                               0x00000000   Number         0  handlers.o ABSOLUTE
    init.s                                   0x00000000   Number         0  init.o ABSOLUTE
    main.c                                   0x00000000   Number         0  main.o ABSOLUTE
    stm32f10x_it.c                           0x00000000   Number         0  stm32f10x_it.o ABSOLUTE
    RESET                                    0x08000000   Section      304  startup_stm32f10x_hd.o(RESET)
    .ARM.Collect$$$$00000000                 0x08000130   Section        0  entry.o(.ARM.Collect$$$$00000000)
    .ARM.Collect$$$$00000001                 0x08000130   Section        4  entry2.o(.ARM.Collect$$$$00000001)
    .ARM.Collect$$$$00000004                 0x08000134   Section        4  entry5.o(.ARM.Collect$$$$00000004)
    .ARM.Collect$$$$00000008                 0x08000138   Section        0  entry7b.o(.ARM.Collect$$$$00000008)
    .ARM.Collect$$$$0000000A                 0x08000138   Section        0  entry8b.o(.ARM.Collect$$$$0000000A)
    .ARM.Collect$$$$0000000B                 0x08000138   Section        8  entry9a.o(.ARM.Collect$$$$0000000B)
    .ARM.Collect$$$$0000000D                 0x08000140   Section        0  entry10a.o(.ARM.Collect$$$$0000000D)
    .ARM.Collect$$$$0000000F                 0x08000140   Section        0  entry11a.o(.ARM.Collect$$$$0000000F)
    .ARM.Collect$$$$00002712                 0x08000140   Section        4  entry2.o(.ARM.Collect$$$$00002712)
    __lit__00000000                          0x08000140   Data           4  entry2.o(.ARM.Collect$$$$00002712)
    .text                                    0x08000144   Section       36  startup_stm32f10x_hd.o(.text)
    .text                                    0x08000168   Section        0  main.o(.text)
    .text                                    0x080009d4   Section        0  stm32f10x_it.o(.text)
    .text                                    0x080009f0   Section        0  usart.o(.text)
    .text                                    0x08000b9c   Section        0  command.o(.text)
    .text                                    0x08000c9c   Section        0  misc.o(.text)
    .text                                    0x08000d78   Section        0  stm32f10x_gpio.o(.text)
    .text                                    0x080010d0   Section        0  stm32f10x_rcc.o(.text)
    .text                                    0x08001474   Section        0  stm32f10x_tim.o(.text)
    TI4_Config                               0x0800191b   Thumb Code   130  stm32f10x_tim.o(.text)
    TI3_Config                               0x080019af   Thumb Code   122  stm32f10x_tim.o(.text)
    TI2_Config                               0x08001a43   Thumb Code   130  stm32f10x_tim.o(.text)
    TI1_Config                               0x08001ad7   Thumb Code   108  stm32f10x_tim.o(.text)
    .text                                    0x08002290   Section        0  stm32f10x_usart.o(.text)
    .text                                    0x08002698   Section        0  system_stm32f10x.o(.text)
    SetSysClockTo72                          0x08002699   Thumb Code   212  system_stm32f10x.o(.text)
    SetSysClock                              0x0800276d   Thumb Code     8  system_stm32f10x.o(.text)
    .text                                    0x08002874   Section       36  init.o(.text)
    i.__scatterload_copy                     0x08002898   Section       14  handlers.o(i.__scatterload_copy)
    i.__scatterload_null                     0x080028a6   Section        2  handlers.o(i.__scatterload_null)
    i.__scatterload_zeroinit                 0x080028a8   Section       14  handlers.o(i.__scatterload_zeroinit)
    .data                                    0x20000000   Section       16  main.o(.data)
    .data                                    0x20000010   Section        5  command.o(.data)
    .data                                    0x20000015   Section       20  stm32f10x_rcc.o(.data)
    APBAHBPrescTable                         0x20000015   Data          16  stm32f10x_rcc.o(.data)
    ADCPrescTable                            0x20000025   Data           4  stm32f10x_rcc.o(.data)
    .data                                    0x2000002c   Section       20  system_stm32f10x.o(.data)
    .bss                                     0x20000040   Section       52  main.o(.bss)
    .bss                                     0x20000074   Section       20  command.o(.bss)
    STACK                                    0x20000088   Section     1024  startup_stm32f10x_hd.o(STACK)

    Global Symbols

    Symbol Name                              Value     Ov Type        Size  Object(Section)

    BuildAttributes$$THM_ISAv4$P$D$K$B$S$PE$A:L22UL41UL21$X:L11$S22US41US21$IEEE1$IW$USESV6$~STKCKD$USESV7$~SHL$OSPACE$EBA8$MICROLIB$REQ8$PRES8$EABIv2 0x00000000   Number         0  anon$$obj.o ABSOLUTE
    __ARM_use_no_argv                        0x00000000   Number         0  main.o ABSOLUTE
    __cpp_initialize__aeabi_                  - Undefined Weak Reference
    __cxa_finalize                            - Undefined Weak Reference
    __decompress                              - Undefined Weak Reference
    _clock_init                               - Undefined Weak Reference
    _microlib_exit                            - Undefined Weak Reference
    __Vectors_Size                           0x00000130   Number         0  startup_stm32f10x_hd.o ABSOLUTE
    __Vectors                                0x08000000   Data           4  startup_stm32f10x_hd.o(RESET)
    __Vectors_End                            0x08000130   Data           0  startup_stm32f10x_hd.o(RESET)
    __main                                   0x08000131   Thumb Code     0  entry.o(.ARM.Collect$$$$00000000)
    _main_stk                                0x08000131   Thumb Code     0  entry2.o(.ARM.Collect$$$$00000001)
    _main_scatterload                        0x08000135   Thumb Code     0  entry5.o(.ARM.Collect$$$$00000004)
    __main_after_scatterload                 0x08000139   Thumb Code     0  entry5.o(.ARM.Collect$$$$00000004)
    _main_clock                              0x08000139   Thumb Code     0  entry7b.o(.ARM.Collect$$$$00000008)
    _main_cpp_init                           0x08000139   Thumb Code     0  entry8b.o(.ARM.Collect$$$$0000000A)
    _main_init                               0x08000139   Thumb Code     0  entry9a.o(.ARM.Collect$$$$0000000B)
    __rt_final_cpp                           0x08000141   Thumb Code     0  entry10a.o(.ARM.Collect$$$$0000000D)
    __rt_final_exit                          0x08000141   Thumb Code     0  entry11a.o(.ARM.Collect$$$$0000000F)
    Reset_Handler                            0x08000145   Thumb Code     8  startup_stm32f10x_hd.o(.text)
    ADC1_2_IRQHandler                        0x0800015f   Thumb Code     0  startup_stm32f10x_hd.o(.text)
    ADC3_IRQHandler                          0x0800015f   Thumb Code     0  startup_stm32f10x_hd.o(.text)
    CAN1_RX1_IRQHandler                      0x0800015f   Thumb Code     0  startup_stm32f10x_hd.o(.text)
    CAN1_SCE_IRQHandler                      0x0800015f   Thumb Code     0  startup_stm32f10x_hd.o(.text)
    DMA1_Channel1_IRQHandler                 0x0800015f   Thumb Code     0  startup_stm32f10x_hd.o(.text)
    DMA1_Channel2_IRQHandler                 0x0800015f   Thumb Code     0  startup_stm32f10x_hd.o(.text)
    DMA1_Channel3_IRQHandler                 0x0800015f   Thumb Code     0  startup_stm32f10x_hd.o(.text)
    DMA1_Channel4_IRQHandler                 0x0800015f   Thumb Code     0  startup_stm32f10x_hd.o(.text)
    DMA1_Channel5_IRQHandler                 0x0800015f   Thumb Code     0  startup_stm32f10x_hd.o(.text)
    DMA1_Channel6_IRQHandler                 0x0800015f   Thumb Code     0  startup_stm32f10x_hd.o(.text)
    DMA1_Channel7_IRQHandler                 0x0800015f   Thumb Code     0  startup_stm32f10x_hd.o(.text)
    DMA2_Channel1_IRQHandler                 0x0800015f   Thumb Code     0  startup_stm32f10x_hd.o(.text)
    DMA2_Channel2_IRQHandler                 0x0800015f   Thumb Code     0  startup_stm32f10x_hd.o(.text)
    DMA2_Channel3_IRQHandler                 0x0800015f   Thumb Code     0  startup_stm32f10x_hd.o(.text)
    DMA2_Channel4_5_IRQHandler               0x0800015f   Thumb Code     0  startup_stm32f10x_hd.o(.text)
    EXTI0_IRQHandler                         0x0800015f   Thumb Code     0  startup_stm32f10x_hd.o(.text)
    EXTI15_10_IRQHandler                     0x0800015f   Thumb Code     0  startup_stm32f10x_hd.o(.text)
    EXTI1_IRQHandler                         0x0800015f   Thumb Code     0  startup_stm32f10x_hd.o(.text)
    EXTI2_IRQHandler                         0x0800015f   Thumb Code     0  startup_stm32f10x_hd.o(.text)
    EXTI3_IRQHandler                         0x0800015f   Thumb Code     0  startup_stm32f10x_hd.o(.text)
    EXTI4_IRQHandler                         0x0800015f   Thumb Code     0  startup_stm32f10x_hd.o(.text)
    EXTI9_5_IRQHandler                       0x0800015f   Thumb Code     0  startup_stm32f10x_hd.o(.text)
    FLASH_IRQHandler                         0x0800015f   Thumb Code     0  startup_stm32f10x_hd.o(.text)
    FSMC_IRQHandler                          0x0800015f   Thumb Code     0  startup_stm32f10x_hd.o(.text)
    I2C1_ER_IRQHandler                       0x0800015f   Thumb Code     0  startup_stm32f10x_hd.o(.text)
    I2C1_EV_IRQHandler                       0x0800015f   Thumb Code     0  startup_stm32f10x_hd.o(.text)
    I2C2_ER_IRQHandler                       0x0800015f   Thumb Code     0  startup_stm32f10x_hd.o(.text)
    I2C2_EV_IRQHandler                       0x0800015f   Thumb Code     0  startup_stm32f10x_hd.o(.text)
    PVD_IRQHandler                           0x0800015f   Thumb Code     0  startup_stm32f10x_hd.o(.text)
    RCC_IRQHandler                           0x0800015f   Thumb Code     0  startup_stm32f10x_hd.o(.text)
    RTCAlarm_IRQHandler                      0x0800015f   Thumb Code     0  startup_stm32f10x_hd.o(.text)
    RTC_IRQHandler                           0x0800015f   Thumb Code     0  startup_stm32f10x_hd.o(.text)
    SDIO_IRQHandler                          0x0800015f   Thumb Code     0  startup_stm32f10x_hd.o(.text)
    SPI1_IRQHandler                          0x0800015f   Thumb Code     0  startup_stm32f10x_hd.o(.text)
    SPI2_IRQHandler                          0x0800015f   Thumb Code     0  startup_stm32f10x_hd.o(.text)
    SPI3_IRQHandler                          0x0800015f   Thumb Code     0  startup_stm32f10x_hd.o(.text)
    TAMPER_IRQHandler                        0x0800015f   Thumb Code     0  startup_stm32f10x_hd.o(.text)
    TIM1_BRK_IRQHandler                      0x0800015f   Thumb Code     0  startup_stm32f10x_hd.o(.text)
    TIM1_CC_IRQHandler                       0x0800015f   Thumb Code     0  startup_stm32f10x_hd.o(.text)
    TIM1_TRG_COM_IRQHandler                  0x0800015f   Thumb Code     0  startup_stm32f10x_hd.o(.text)
    TIM2_IRQHandler                          0x0800015f   Thumb Code     0  startup_stm32f10x_hd.o(.text)
    TIM3_IRQHandler                          0x0800015f   Thumb Code     0  startup_stm32f10x_hd.o(.text)
    TIM4_IRQHandler                          0x0800015f   Thumb Code     0  startup_stm32f10x_hd.o(.text)
    TIM5_IRQHandler                          0x0800015f   Thumb Code     0  startup_stm32f10x_hd.o(.text)
    TIM6_IRQHandler                          0x0800015f   Thumb Code     0  startup_stm32f10x_hd.o(.text)
    TIM7_IRQHandler                          0x0800015f   Thumb Code     0  startup_stm32f10x_hd.o(.text)
    TIM8_BRK_IRQHandler                      0x0800015f   Thumb Code     0  startup_stm32f10x_hd.o(.text)
    TIM8_CC_IRQHandler                       0x0800015f   Thumb Code     0  startup_stm32f10x_hd.o(.text)
    TIM8_TRG_COM_IRQHandler                  0x0800015f   Thumb Code     0  startup_stm32f10x_hd.o(.text)
    TIM8_UP_IRQHandler                       0x0800015f   Thumb Code     0  startup_stm32f10x_hd.o(.text)
    UART4_IRQHandler                         0x0800015f   Thumb Code     0  startup_stm32f10x_hd.o(.text)
    UART5_IRQHandler                         0x0800015f   Thumb Code     0  startup_stm32f10x_hd.o(.text)
    USART2_IRQHandler                        0x0800015f   Thumb Code     0  startup_stm32f10x_hd.o(.text)
    USBWakeUp_IRQHandler                     0x0800015f   Thumb Code     0  startup_stm32f10x_hd.o(.text)
    USB_HP_CAN1_TX_IRQHandler                0x0800015f   Thumb Code     0  startup_stm32f10x_hd.o(.text)
    USB_LP_CAN1_RX0_IRQHandler               0x0800015f   Thumb Code     0  startup_stm32f10x_hd.o(.text)
    WWDG_IRQHandler                          0x0800015f   Thumb Code     0  startup_stm32f10x_hd.o(.text)
    GPIO_Config                              0x08000169   Thumb Code   226  main.o(.text)
    uart_init                                0x0800024b   Thumb Code   124  main.o(.text)
    delay_ms                                 0x080002c7   Thumb Code    54  main.o(.text)
    delay_us                                 0x080002fd   Thumb Code    52  main.o(.text)
    gethex                                   0x08000331   Thumb Code    82  main.o(.text)
    relay_splithex                           0x08000383   Thumb Code   120  main.o(.text)
    module_discriminate                      0x080003fb   Thumb Code   130  main.o(.text)
    NVIC_init                                0x0800047d   Thumb Code   116  main.o(.text)
    init_all                                 0x080004f1   Thumb Code    16  main.o(.text)
    module_config                            0x08000501   Thumb Code   316  main.o(.text)
    command_handle                           0x0800063d   Thumb Code   140  main.o(.text)
    select_port                              0x080006c9   Thumb Code   164  main.o(.text)
    sigelarray_init                          0x0800076d   Thumb Code    30  main.o(.text)
    doublearry_init                          0x0800078b   Thumb Code    30  main.o(.text)
    sigelarry_hex                            0x080007a9   Thumb Code   102  main.o(.text)
    array_hex                                0x0800080f   Thumb Code   150  main.o(.text)
    main                                     0x080008a5   Thumb Code   224  main.o(.text)
    TIM1_UP_IRQHandler                       0x08000985   Thumb Code    22  main.o(.text)
    NMI_Handler                              0x080009d5   Thumb Code     2  stm32f10x_it.o(.text)
    HardFault_Handler                        0x080009d7   Thumb Code     4  stm32f10x_it.o(.text)
    MemManage_Handler                        0x080009db   Thumb Code     4  stm32f10x_it.o(.text)
    BusFault_Handler                         0x080009df   Thumb Code     4  stm32f10x_it.o(.text)
    UsageFault_Handler                       0x080009e3   Thumb Code     4  stm32f10x_it.o(.text)
    SVC_Handler                              0x080009e7   Thumb Code     2  stm32f10x_it.o(.text)
    DebugMon_Handler                         0x080009e9   Thumb Code     2  stm32f10x_it.o(.text)
    PendSV_Handler                           0x080009eb   Thumb Code     2  stm32f10x_it.o(.text)
    SysTick_Handler                          0x080009ed   Thumb Code     2  stm32f10x_it.o(.text)
    USART1_Config                            0x080009f1   Thumb Code   114  usart.o(.text)
    USART3_Config                            0x08000a63   Thumb Code   120  usart.o(.text)
    fputc                                    0x08000adb   Thumb Code    30  usart.o(.text)
    USART_printf                             0x08000af9   Thumb Code    48  usart.o(.text)
    NVIC_Configuration                       0x08000b29   Thumb Code    96  usart.o(.text)
    USART3_IRQHandler                        0x08000b9d   Thumb Code   112  command.o(.text)
    USART1_IRQHandler                        0x08000c0d   Thumb Code   118  command.o(.text)
    NVIC_PriorityGroupConfig                 0x08000c9d   Thumb Code    10  misc.o(.text)
    NVIC_Init                                0x08000ca7   Thumb Code   102  misc.o(.text)
    NVIC_SetVectorTable                      0x08000d0d   Thumb Code    14  misc.o(.text)
    NVIC_SystemLPConfig                      0x08000d1b   Thumb Code    34  misc.o(.text)
    SysTick_CLKSourceConfig                  0x08000d3d   Thumb Code    40  misc.o(.text)
    GPIO_DeInit                              0x08000d79   Thumb Code   172  stm32f10x_gpio.o(.text)
    GPIO_AFIODeInit                          0x08000e25   Thumb Code    20  stm32f10x_gpio.o(.text)
    GPIO_Init                                0x08000e39   Thumb Code   274  stm32f10x_gpio.o(.text)
    GPIO_StructInit                          0x08000f4b   Thumb Code    16  stm32f10x_gpio.o(.text)
    GPIO_ReadInputDataBit                    0x08000f5b   Thumb Code    18  stm32f10x_gpio.o(.text)
    GPIO_ReadInputData                       0x08000f6d   Thumb Code     8  stm32f10x_gpio.o(.text)
    GPIO_ReadOutputDataBit                   0x08000f75   Thumb Code    18  stm32f10x_gpio.o(.text)
    GPIO_ReadOutputData                      0x08000f87   Thumb Code     8  stm32f10x_gpio.o(.text)
    GPIO_SetBits                             0x08000f8f   Thumb Code     4  stm32f10x_gpio.o(.text)
    GPIO_ResetBits                           0x08000f93   Thumb Code     4  stm32f10x_gpio.o(.text)
    GPIO_WriteBit                            0x08000f97   Thumb Code    10  stm32f10x_gpio.o(.text)
    GPIO_Write                               0x08000fa1   Thumb Code     4  stm32f10x_gpio.o(.text)
    GPIO_PinLockConfig                       0x08000fa5   Thumb Code    18  stm32f10x_gpio.o(.text)
    GPIO_EventOutputConfig                   0x08000fb7   Thumb Code    26  stm32f10x_gpio.o(.text)
    GPIO_EventOutputCmd                      0x08000fd1   Thumb Code     6  stm32f10x_gpio.o(.text)
    GPIO_PinRemapConfig                      0x08000fd7   Thumb Code   138  stm32f10x_gpio.o(.text)
    GPIO_EXTILineConfig                      0x08001061   Thumb Code    66  stm32f10x_gpio.o(.text)
    GPIO_ETH_MediaInterfaceConfig            0x080010a3   Thumb Code     6  stm32f10x_gpio.o(.text)
    RCC_DeInit                               0x080010d1   Thumb Code    64  stm32f10x_rcc.o(.text)
    RCC_HSEConfig                            0x08001111   Thumb Code    70  stm32f10x_rcc.o(.text)
    RCC_GetFlagStatus                        0x08001157   Thumb Code    56  stm32f10x_rcc.o(.text)
    RCC_WaitForHSEStartUp                    0x0800118f   Thumb Code    56  stm32f10x_rcc.o(.text)
    RCC_AdjustHSICalibrationValue            0x080011c7   Thumb Code    20  stm32f10x_rcc.o(.text)
    RCC_HSICmd                               0x080011db   Thumb Code     6  stm32f10x_rcc.o(.text)
    RCC_PLLConfig                            0x080011e1   Thumb Code    24  stm32f10x_rcc.o(.text)
    RCC_PLLCmd                               0x080011f9   Thumb Code     6  stm32f10x_rcc.o(.text)
    RCC_SYSCLKConfig                         0x080011ff   Thumb Code    18  stm32f10x_rcc.o(.text)
    RCC_GetSYSCLKSource                      0x08001211   Thumb Code    10  stm32f10x_rcc.o(.text)
    RCC_HCLKConfig                           0x0800121b   Thumb Code    18  stm32f10x_rcc.o(.text)
    RCC_PCLK1Config                          0x0800122d   Thumb Code    18  stm32f10x_rcc.o(.text)
    RCC_PCLK2Config                          0x0800123f   Thumb Code    20  stm32f10x_rcc.o(.text)
    RCC_ITConfig                             0x08001253   Thumb Code    26  stm32f10x_rcc.o(.text)
    RCC_USBCLKConfig                         0x0800126d   Thumb Code     6  stm32f10x_rcc.o(.text)
    RCC_ADCCLKConfig                         0x08001273   Thumb Code    18  stm32f10x_rcc.o(.text)
    RCC_LSEConfig                            0x08001285   Thumb Code    44  stm32f10x_rcc.o(.text)
    RCC_LSICmd                               0x080012b1   Thumb Code     6  stm32f10x_rcc.o(.text)
    RCC_RTCCLKConfig                         0x080012b7   Thumb Code    12  stm32f10x_rcc.o(.text)
    RCC_RTCCLKCmd                            0x080012c3   Thumb Code     8  stm32f10x_rcc.o(.text)
    RCC_GetClocksFreq                        0x080012cb   Thumb Code   192  stm32f10x_rcc.o(.text)
    RCC_AHBPeriphClockCmd                    0x0800138b   Thumb Code    26  stm32f10x_rcc.o(.text)
    RCC_APB2PeriphClockCmd                   0x080013a5   Thumb Code    26  stm32f10x_rcc.o(.text)
    RCC_APB1PeriphClockCmd                   0x080013bf   Thumb Code    26  stm32f10x_rcc.o(.text)
    RCC_APB2PeriphResetCmd                   0x080013d9   Thumb Code    26  stm32f10x_rcc.o(.text)
    RCC_APB1PeriphResetCmd                   0x080013f3   Thumb Code    26  stm32f10x_rcc.o(.text)
    RCC_BackupResetCmd                       0x0800140d   Thumb Code     8  stm32f10x_rcc.o(.text)
    RCC_ClockSecuritySystemCmd               0x08001415   Thumb Code     6  stm32f10x_rcc.o(.text)
    RCC_MCOConfig                            0x0800141b   Thumb Code     6  stm32f10x_rcc.o(.text)
    RCC_ClearFlag                            0x08001421   Thumb Code    14  stm32f10x_rcc.o(.text)
    RCC_GetITStatus                          0x0800142f   Thumb Code    20  stm32f10x_rcc.o(.text)
    RCC_ClearITPendingBit                    0x08001443   Thumb Code     6  stm32f10x_rcc.o(.text)
    TIM_DeInit                               0x08001475   Thumb Code   424  stm32f10x_tim.o(.text)
    TIM_TimeBaseInit                         0x0800161d   Thumb Code   122  stm32f10x_tim.o(.text)
    TIM_OC1Init                              0x08001697   Thumb Code   132  stm32f10x_tim.o(.text)
    TIM_OC2Init                              0x0800171b   Thumb Code   154  stm32f10x_tim.o(.text)
    TIM_OC3Init                              0x080017b5   Thumb Code   150  stm32f10x_tim.o(.text)
    TIM_OC4Init                              0x0800184b   Thumb Code   182  stm32f10x_tim.o(.text)
    TIM_SetIC4Prescaler                      0x08001901   Thumb Code    26  stm32f10x_tim.o(.text)
    TIM_SetIC3Prescaler                      0x0800199d   Thumb Code    18  stm32f10x_tim.o(.text)
    TIM_SetIC2Prescaler                      0x08001a29   Thumb Code    26  stm32f10x_tim.o(.text)
    TIM_SetIC1Prescaler                      0x08001ac5   Thumb Code    18  stm32f10x_tim.o(.text)
    TIM_ICInit                               0x08001b43   Thumb Code   150  stm32f10x_tim.o(.text)
    TIM_PWMIConfig                           0x08001bd9   Thumb Code   124  stm32f10x_tim.o(.text)
    TIM_BDTRConfig                           0x08001c55   Thumb Code    32  stm32f10x_tim.o(.text)
    TIM_TimeBaseStructInit                   0x08001c75   Thumb Code    18  stm32f10x_tim.o(.text)
    TIM_OCStructInit                         0x08001c87   Thumb Code    20  stm32f10x_tim.o(.text)
    TIM_ICStructInit                         0x08001c9b   Thumb Code    18  stm32f10x_tim.o(.text)
    TIM_BDTRStructInit                       0x08001cad   Thumb Code    40  stm32f10x_tim.o(.text)
    TIM_Cmd                                  0x08001cd5   Thumb Code    24  stm32f10x_tim.o(.text)
    TIM_CtrlPWMOutputs                       0x08001ced   Thumb Code    30  stm32f10x_tim.o(.text)
    TIM_ITConfig                             0x08001d0b   Thumb Code    18  stm32f10x_tim.o(.text)
    TIM_GenerateEvent                        0x08001d1d   Thumb Code     4  stm32f10x_tim.o(.text)
    TIM_DMAConfig                            0x08001d21   Thumb Code    10  stm32f10x_tim.o(.text)
    TIM_DMACmd                               0x08001d2b   Thumb Code    18  stm32f10x_tim.o(.text)
    TIM_InternalClockConfig                  0x08001d3d   Thumb Code    12  stm32f10x_tim.o(.text)
    TIM_SelectInputTrigger                   0x08001d49   Thumb Code    18  stm32f10x_tim.o(.text)
    TIM_ITRxExternalClockConfig              0x08001d5b   Thumb Code    24  stm32f10x_tim.o(.text)
    TIM_TIxExternalClockConfig               0x08001d73   Thumb Code    62  stm32f10x_tim.o(.text)
    TIM_ETRConfig                            0x08001db1   Thumb Code    28  stm32f10x_tim.o(.text)
    TIM_ETRClockMode1Config                  0x08001dcd   Thumb Code    54  stm32f10x_tim.o(.text)
    TIM_ETRClockMode2Config                  0x08001e03   Thumb Code    32  stm32f10x_tim.o(.text)
    TIM_PrescalerConfig                      0x08001e23   Thumb Code     6  stm32f10x_tim.o(.text)
    TIM_CounterModeConfig                    0x08001e29   Thumb Code    18  stm32f10x_tim.o(.text)
    TIM_EncoderInterfaceConfig               0x08001e3b   Thumb Code    66  stm32f10x_tim.o(.text)
    TIM_ForcedOC1Config                      0x08001e7d   Thumb Code    18  stm32f10x_tim.o(.text)
    TIM_ForcedOC2Config                      0x08001e8f   Thumb Code    26  stm32f10x_tim.o(.text)
    TIM_ForcedOC3Config                      0x08001ea9   Thumb Code    18  stm32f10x_tim.o(.text)
    TIM_ForcedOC4Config                      0x08001ebb   Thumb Code    26  stm32f10x_tim.o(.text)
    TIM_ARRPreloadConfig                     0x08001ed5   Thumb Code    24  stm32f10x_tim.o(.text)
    TIM_SelectCOM                            0x08001eed   Thumb Code    24  stm32f10x_tim.o(.text)
    TIM_SelectCCDMA                          0x08001f05   Thumb Code    24  stm32f10x_tim.o(.text)
    TIM_CCPreloadControl                     0x08001f1d   Thumb Code    24  stm32f10x_tim.o(.text)
    TIM_OC1PreloadConfig                     0x08001f35   Thumb Code    18  stm32f10x_tim.o(.text)
    TIM_OC2PreloadConfig                     0x08001f47   Thumb Code    26  stm32f10x_tim.o(.text)
    TIM_OC3PreloadConfig                     0x08001f61   Thumb Code    18  stm32f10x_tim.o(.text)
    TIM_OC4PreloadConfig                     0x08001f73   Thumb Code    26  stm32f10x_tim.o(.text)
    TIM_OC1FastConfig                        0x08001f8d   Thumb Code    18  stm32f10x_tim.o(.text)
    TIM_OC2FastConfig                        0x08001f9f   Thumb Code    26  stm32f10x_tim.o(.text)
    TIM_OC3FastConfig                        0x08001fb9   Thumb Code    18  stm32f10x_tim.o(.text)
    TIM_OC4FastConfig                        0x08001fcb   Thumb Code    26  stm32f10x_tim.o(.text)
    TIM_ClearOC1Ref                          0x08001fe5   Thumb Code    18  stm32f10x_tim.o(.text)
    TIM_ClearOC2Ref                          0x08001ff7   Thumb Code    24  stm32f10x_tim.o(.text)
    TIM_ClearOC3Ref                          0x0800200f   Thumb Code    18  stm32f10x_tim.o(.text)
    TIM_ClearOC4Ref                          0x08002021   Thumb Code    24  stm32f10x_tim.o(.text)
    TIM_OC1PolarityConfig                    0x08002039   Thumb Code    18  stm32f10x_tim.o(.text)
    TIM_OC1NPolarityConfig                   0x0800204b   Thumb Code    18  stm32f10x_tim.o(.text)
    TIM_OC2PolarityConfig                    0x0800205d   Thumb Code    26  stm32f10x_tim.o(.text)
    TIM_OC2NPolarityConfig                   0x08002077   Thumb Code    26  stm32f10x_tim.o(.text)
    TIM_OC3PolarityConfig                    0x08002091   Thumb Code    26  stm32f10x_tim.o(.text)
    TIM_OC3NPolarityConfig                   0x080020ab   Thumb Code    26  stm32f10x_tim.o(.text)
    TIM_OC4PolarityConfig                    0x080020c5   Thumb Code    26  stm32f10x_tim.o(.text)
    TIM_CCxCmd                               0x080020df   Thumb Code    30  stm32f10x_tim.o(.text)
    TIM_CCxNCmd                              0x080020fd   Thumb Code    30  stm32f10x_tim.o(.text)
    TIM_SelectOCxM                           0x0800211b   Thumb Code    82  stm32f10x_tim.o(.text)
    TIM_UpdateDisableConfig                  0x0800216d   Thumb Code    24  stm32f10x_tim.o(.text)
    TIM_UpdateRequestConfig                  0x08002185   Thumb Code    24  stm32f10x_tim.o(.text)
    TIM_SelectHallSensor                     0x0800219d   Thumb Code    24  stm32f10x_tim.o(.text)
    TIM_SelectOnePulseMode                   0x080021b5   Thumb Code    18  stm32f10x_tim.o(.text)
    TIM_SelectOutputTrigger                  0x080021c7   Thumb Code    18  stm32f10x_tim.o(.text)
    TIM_SelectSlaveMode                      0x080021d9   Thumb Code    18  stm32f10x_tim.o(.text)
    TIM_SelectMasterSlaveMode                0x080021eb   Thumb Code    18  stm32f10x_tim.o(.text)
    TIM_SetCounter                           0x080021fd   Thumb Code     4  stm32f10x_tim.o(.text)
    TIM_SetAutoreload                        0x08002201   Thumb Code     4  stm32f10x_tim.o(.text)
    TIM_SetCompare1                          0x08002205   Thumb Code     4  stm32f10x_tim.o(.text)
    TIM_SetCompare2                          0x08002209   Thumb Code     4  stm32f10x_tim.o(.text)
    TIM_SetCompare3                          0x0800220d   Thumb Code     4  stm32f10x_tim.o(.text)
    TIM_SetCompare4                          0x08002211   Thumb Code     6  stm32f10x_tim.o(.text)
    TIM_SetClockDivision                     0x08002217   Thumb Code    18  stm32f10x_tim.o(.text)
    TIM_GetCapture1                          0x08002229   Thumb Code     6  stm32f10x_tim.o(.text)
    TIM_GetCapture2                          0x0800222f   Thumb Code     6  stm32f10x_tim.o(.text)
    TIM_GetCapture3                          0x08002235   Thumb Code     6  stm32f10x_tim.o(.text)
    TIM_GetCapture4                          0x0800223b   Thumb Code     8  stm32f10x_tim.o(.text)
    TIM_GetCounter                           0x08002243   Thumb Code     6  stm32f10x_tim.o(.text)
    TIM_GetPrescaler                         0x08002249   Thumb Code     6  stm32f10x_tim.o(.text)
    TIM_GetFlagStatus                        0x0800224f   Thumb Code    18  stm32f10x_tim.o(.text)
    TIM_ClearFlag                            0x08002261   Thumb Code     6  stm32f10x_tim.o(.text)
    TIM_GetITStatus                          0x08002267   Thumb Code    34  stm32f10x_tim.o(.text)
    TIM_ClearITPendingBit                    0x08002289   Thumb Code     6  stm32f10x_tim.o(.text)
    USART_DeInit                             0x08002291   Thumb Code   134  stm32f10x_usart.o(.text)
    USART_Init                               0x08002317   Thumb Code   210  stm32f10x_usart.o(.text)
    USART_StructInit                         0x080023e9   Thumb Code    24  stm32f10x_usart.o(.text)
    USART_ClockInit                          0x08002401   Thumb Code    34  stm32f10x_usart.o(.text)
    USART_ClockStructInit                    0x08002423   Thumb Code    12  stm32f10x_usart.o(.text)
    USART_Cmd                                0x0800242f   Thumb Code    24  stm32f10x_usart.o(.text)
    USART_ITConfig                           0x08002447   Thumb Code    74  stm32f10x_usart.o(.text)
    USART_DMACmd                             0x08002491   Thumb Code    18  stm32f10x_usart.o(.text)
    USART_SetAddress                         0x080024a3   Thumb Code    18  stm32f10x_usart.o(.text)
    USART_WakeUpConfig                       0x080024b5   Thumb Code    18  stm32f10x_usart.o(.text)
    USART_ReceiverWakeUpCmd                  0x080024c7   Thumb Code    24  stm32f10x_usart.o(.text)
    USART_LINBreakDetectLengthConfig         0x080024df   Thumb Code    18  stm32f10x_usart.o(.text)
    USART_LINCmd                             0x080024f1   Thumb Code    24  stm32f10x_usart.o(.text)
    USART_SendData                           0x08002509   Thumb Code     8  stm32f10x_usart.o(.text)
    USART_ReceiveData                        0x08002511   Thumb Code    10  stm32f10x_usart.o(.text)
    USART_SendBreak                          0x0800251b   Thumb Code    10  stm32f10x_usart.o(.text)
    USART_SetGuardTime                       0x08002525   Thumb Code    16  stm32f10x_usart.o(.text)
    USART_SetPrescaler                       0x08002535   Thumb Code    16  stm32f10x_usart.o(.text)
    USART_SmartCardCmd                       0x08002545   Thumb Code    24  stm32f10x_usart.o(.text)
    USART_SmartCardNACKCmd                   0x0800255d   Thumb Code    24  stm32f10x_usart.o(.text)
    USART_HalfDuplexCmd                      0x08002575   Thumb Code    24  stm32f10x_usart.o(.text)
    USART_OverSampling8Cmd                   0x0800258d   Thumb Code    22  stm32f10x_usart.o(.text)
    USART_OneBitMethodCmd                    0x080025a3   Thumb Code    24  stm32f10x_usart.o(.text)
    USART_IrDAConfig                         0x080025bb   Thumb Code    18  stm32f10x_usart.o(.text)
    USART_IrDACmd                            0x080025cd   Thumb Code    24  stm32f10x_usart.o(.text)
    USART_GetFlagStatus                      0x080025e5   Thumb Code    26  stm32f10x_usart.o(.text)
    USART_ClearFlag                          0x080025ff   Thumb Code    18  stm32f10x_usart.o(.text)
    USART_GetITStatus                        0x08002611   Thumb Code    84  stm32f10x_usart.o(.text)
    USART_ClearITPendingBit                  0x08002665   Thumb Code    52  stm32f10x_usart.o(.text)
    SystemInit                               0x08002775   Thumb Code    78  system_stm32f10x.o(.text)
    SystemCoreClockUpdate                    0x080027c3   Thumb Code   142  system_stm32f10x.o(.text)
    __scatterload                            0x08002875   Thumb Code    28  init.o(.text)
    __scatterload_rt2                        0x08002875   Thumb Code     0  init.o(.text)
    __scatterload_copy                       0x08002899   Thumb Code    14  handlers.o(i.__scatterload_copy)
    __scatterload_null                       0x080028a7   Thumb Code     2  handlers.o(i.__scatterload_null)
    __scatterload_zeroinit                   0x080028a9   Thumb Code    14  handlers.o(i.__scatterload_zeroinit)
    Region$$Table$$Base                      0x080028b8   Number         0  anon$$obj.o(Region$$Table)
    Region$$Table$$Limit                     0x080028d8   Number         0  anon$$obj.o(Region$$Table)
    module_flag                              0x20000000   Data           1  main.o(.data)
    temp_sigelarry                           0x20000001   Data           8  main.o(.data)
    Current_Temp                             0x2000000a   Data           2  main.o(.data)
    g_ms                                     0x2000000c   Data           4  main.o(.data)
    handle_flag                              0x20000010   Data           1  command.o(.data)
    temp_cnt                                 0x20000011   Data           1  command.o(.data)
    recive_command                           0x20000012   Data           3  command.o(.data)
    SystemCoreClock                          0x2000002c   Data           4  system_stm32f10x.o(.data)
    AHBPrescTable                            0x20000030   Data          16  system_stm32f10x.o(.data)
    command_send                             0x20000040   Data           9  main.o(.bss)
    master_send                              0x20000049   Data           9  main.o(.bss)
    char_temp                                0x20000052   Data          16  main.o(.bss)
    get_sockettype                           0x20000062   Data          18  main.o(.bss)
    recive_temp                              0x20000074   Data          10  command.o(.bss)
    temp_char                                0x2000007e   Data          10  command.o(.bss)
    __initial_sp                             0x20000488   Data           0  startup_stm32f10x_hd.o(STACK)



==============================================================================

Memory Map of the image

  Image Entry point : 0x08000131

  Load Region LR_IROM1 (Base: 0x08000000, Size: 0x00002918, Max: 0x00080000, ABSOLUTE)

    Execution Region ER_IROM1 (Base: 0x08000000, Size: 0x000028d8, Max: 0x00080000, ABSOLUTE)

    Base Addr    Size         Type   Attr      Idx    E Section Name        Object

    0x08000000   0x00000130   Data   RO            3    RESET               startup_stm32f10x_hd.o
    0x08000130   0x00000000   Code   RO          339  * .ARM.Collect$$$$00000000  mc_w.l(entry.o)
    0x08000130   0x00000004   Code   RO          342    .ARM.Collect$$$$00000001  mc_w.l(entry2.o)
    0x08000134   0x00000004   Code   RO          345    .ARM.Collect$$$$00000004  mc_w.l(entry5.o)
    0x08000138   0x00000000   Code   RO          347    .ARM.Collect$$$$00000008  mc_w.l(entry7b.o)
    0x08000138   0x00000000   Code   RO          349    .ARM.Collect$$$$0000000A  mc_w.l(entry8b.o)
    0x08000138   0x00000008   Code   RO          350    .ARM.Collect$$$$0000000B  mc_w.l(entry9a.o)
    0x08000140   0x00000000   Code   RO          352    .ARM.Collect$$$$0000000D  mc_w.l(entry10a.o)
    0x08000140   0x00000000   Code   RO          354    .ARM.Collect$$$$0000000F  mc_w.l(entry11a.o)
    0x08000140   0x00000004   Code   RO          343    .ARM.Collect$$$$00002712  mc_w.l(entry2.o)
    0x08000144   0x00000024   Code   RO            4    .text               startup_stm32f10x_hd.o
    0x08000168   0x0000086c   Code   RO           10    .text               main.o
    0x080009d4   0x0000001a   Code   RO          136    .text               stm32f10x_it.o
    0x080009ee   0x00000002   PAD
    0x080009f0   0x000001ac   Code   RO          166    .text               usart.o
    0x08000b9c   0x00000100   Code   RO          185    .text               command.o
    0x08000c9c   0x000000dc   Code   RO          201    .text               misc.o
    0x08000d78   0x00000358   Code   RO          237    .text               stm32f10x_gpio.o
    0x080010d0   0x000003a4   Code   RO          249    .text               stm32f10x_rcc.o
    0x08001474   0x00000e1a   Code   RO          263    .text               stm32f10x_tim.o
    0x0800228e   0x00000002   PAD
    0x08002290   0x00000408   Code   RO          275    .text               stm32f10x_usart.o
    0x08002698   0x000001dc   Code   RO          321    .text               system_stm32f10x.o
    0x08002874   0x00000024   Code   RO          356    .text               mc_w.l(init.o)
    0x08002898   0x0000000e   Code   RO          360    i.__scatterload_copy  mc_w.l(handlers.o)
    0x080028a6   0x00000002   Code   RO          361    i.__scatterload_null  mc_w.l(handlers.o)
    0x080028a8   0x0000000e   Code   RO          362    i.__scatterload_zeroinit  mc_w.l(handlers.o)
    0x080028b6   0x00000002   PAD
    0x080028b8   0x00000020   Data   RO          358    Region$$Table       anon$$obj.o


    Execution Region RW_IRAM1 (Base: 0x20000000, Size: 0x00000488, Max: 0x00010000, ABSOLUTE)

    Base Addr    Size         Type   Attr      Idx    E Section Name        Object

    0x20000000   0x00000010   Data   RW           12    .data               main.o
    0x20000010   0x00000005   Data   RW          187    .data               command.o
    0x20000015   0x00000014   Data   RW          250    .data               stm32f10x_rcc.o
    0x20000029   0x00000003   PAD
    0x2000002c   0x00000014   Data   RW          322    .data               system_stm32f10x.o
    0x20000040   0x00000034   Zero   RW           11    .bss                main.o
    0x20000074   0x00000014   Zero   RW          186    .bss                command.o
    0x20000088   0x00000400   Zero   RW            1    STACK               startup_stm32f10x_hd.o


==============================================================================

Image component sizes


      Code (inc. data)   RO Data    RW Data    ZI Data      Debug   Object Name

       256         26          0          5         20       1414   command.o
      2156        140          0         16         52     258141   main.o
       220         20          0          0          0       1713   misc.o
        36          8        304          0       1024        772   startup_stm32f10x_hd.o
       856         40          0          0          0       5561   stm32f10x_gpio.o
        26          0          0          0          0       1170   stm32f10x_it.o
       932         44          0         20          0       8700   stm32f10x_rcc.o
      3610         88          0          0          0      22044   stm32f10x_tim.o
      1032         22          0          0          0       8280   stm32f10x_usart.o
       476         36          0         20          0       1731   system_stm32f10x.o
       428         20          0          0          0       3548   usart.o

    ----------------------------------------------------------------------
     10032        444        336         64       1096     313074   Object Totals
         0          0         32          0          0          0   (incl. Generated)
         4          0          0          3          0          0   (incl. Padding)

    ----------------------------------------------------------------------

      Code (inc. data)   RO Data    RW Data    ZI Data      Debug   Library Member Name

         0          0          0          0          0          0   entry.o
         0          0          0          0          0          0   entry10a.o
         0          0          0          0          0          0   entry11a.o
         8          4          0          0          0          0   entry2.o
         4          0          0          0          0          0   entry5.o
         0          0          0          0          0          0   entry7b.o
         0          0          0          0          0          0   entry8b.o
         8          4          0          0          0          0   entry9a.o
        30          0          0          0          0          0   handlers.o
        36          8          0          0          0         68   init.o

    ----------------------------------------------------------------------
        88         16          0          0          0         68   Library Totals
         2          0          0          0          0          0   (incl. Padding)

    ----------------------------------------------------------------------

      Code (inc. data)   RO Data    RW Data    ZI Data      Debug   Library Name

        86         16          0          0          0         68   mc_w.l

    ----------------------------------------------------------------------
        88         16          0          0          0         68   Library Totals

    ----------------------------------------------------------------------

==============================================================================


      Code (inc. data)   RO Data    RW Data    ZI Data      Debug   

     10120        460        336         64       1096     312206   Grand Totals
     10120        460        336         64       1096     312206   ELF Image Totals
     10120        460        336         64          0          0   ROM Totals

==============================================================================

    Total RO  Size (Code + RO Data)                10456 (  10.21kB)
    Total RW  Size (RW Data + ZI Data)              1160 (   1.13kB)
    Total ROM Size (Code + RO Data + RW Data)      10520 (  10.27kB)

==============================================================================

