ARM Linker, 5.03 [Build 76] [MDK-ARM Standard]

==============================================================================

Section Cross References

    startup_stm32f10x_hd.o(RESET) refers to startup_stm32f10x_hd.o(STACK) for __initial_sp
    startup_stm32f10x_hd.o(RESET) refers to startup_stm32f10x_hd.o(.text) for Reset_Handler
    startup_stm32f10x_hd.o(RESET) refers to stm32f10x_it.o(.text) for NMI_Handler
    startup_stm32f10x_hd.o(RESET) refers to command.o(.text) for USART1_IRQHandler
    startup_stm32f10x_hd.o(.text) refers to system_stm32f10x.o(.text) for SystemInit
    startup_stm32f10x_hd.o(.text) refers to entry.o(.ARM.Collect$$$$00000000) for __main
    main.o(.text) refers to stm32f10x_rcc.o(.text) for RCC_APB2PeriphClockCmd
    main.o(.text) refers to stm32f10x_gpio.o(.text) for GPIO_PinRemapConfig
    main.o(.text) refers to stm32f10x_usart.o(.text) for USART_Init
    main.o(.text) refers to oled.o(.text) for delay_ms
    main.o(.text) refers to system_stm32f10x.o(.text) for SystemInit
    main.o(.text) refers to usart.o(.text) for USART3_Config
    main.o(.text) refers to main.o(.data) for module_flag
    main.o(.text) refers to main.o(.bss) for command_send
    main.o(.text) refers to command.o(.data) for handle_flag
    oled.o(.text) refers to stm32f10x_gpio.o(.text) for GPIO_SetBits
    oled.o(.text) refers to stm32f10x_rcc.o(.text) for RCC_APB2PeriphClockCmd
    oled.o(.text) refers to oled.o(.constdata) for F6x8
    oled.o(.text) refers to oled.o(.bss) for OLED_GRAM
    oled.o(.text) refers to oled.o(.data) for power_line
    tempad.o(.text) refers to stm32f10x_rcc.o(.text) for RCC_AHBPeriphClockCmd
    tempad.o(.text) refers to stm32f10x_dma.o(.text) for DMA_Init
    tempad.o(.text) refers to stm32f10x_adc.o(.text) for ADC_Init
    tempad.o(.text) refers to tempad.o(.data) for ADC_ConvertedValue
    usart.o(.text) refers to stm32f10x_rcc.o(.text) for RCC_APB2PeriphClockCmd
    usart.o(.text) refers to stm32f10x_gpio.o(.text) for GPIO_Init
    usart.o(.text) refers to stm32f10x_usart.o(.text) for USART_Init
    usart.o(.text) refers to misc.o(.text) for NVIC_PriorityGroupConfig
    command.o(.text) refers to stm32f10x_usart.o(.text) for USART_GetITStatus
    command.o(.text) refers to command.o(.bss) for recive_temp
    command.o(.text) refers to command.o(.data) for temp_cnt
    stm32f10x_gpio.o(.text) refers to stm32f10x_rcc.o(.text) for RCC_APB2PeriphResetCmd
    stm32f10x_rcc.o(.text) refers to stm32f10x_rcc.o(.data) for APBAHBPrescTable
    stm32f10x_tim.o(.text) refers to stm32f10x_rcc.o(.text) for RCC_APB2PeriphResetCmd
    stm32f10x_usart.o(.text) refers to stm32f10x_rcc.o(.text) for RCC_APB2PeriphResetCmd
    stm32f10x_adc.o(.text) refers to stm32f10x_rcc.o(.text) for RCC_APB2PeriphResetCmd
    system_stm32f10x.o(.text) refers to system_stm32f10x.o(.data) for SystemCoreClock
    entry.o(.ARM.Collect$$$$00000000) refers (Special) to entry10a.o(.ARM.Collect$$$$0000000D) for __rt_final_cpp
    entry.o(.ARM.Collect$$$$00000000) refers (Special) to entry11a.o(.ARM.Collect$$$$0000000F) for __rt_final_exit
    entry.o(.ARM.Collect$$$$00000000) refers (Special) to entry7b.o(.ARM.Collect$$$$00000008) for _main_clock
    entry.o(.ARM.Collect$$$$00000000) refers (Special) to entry8b.o(.ARM.Collect$$$$0000000A) for _main_cpp_init
    entry.o(.ARM.Collect$$$$00000000) refers (Special) to entry9a.o(.ARM.Collect$$$$0000000B) for _main_init
    entry.o(.ARM.Collect$$$$00000000) refers (Special) to entry5.o(.ARM.Collect$$$$00000004) for _main_scatterload
    entry.o(.ARM.Collect$$$$00000000) refers (Special) to entry2.o(.ARM.Collect$$$$00000001) for _main_stk
    entry2.o(.ARM.Collect$$$$00000001) refers to entry2.o(.ARM.Collect$$$$00002712) for __lit__00000000
    entry2.o(.ARM.Collect$$$$00002712) refers to startup_stm32f10x_hd.o(STACK) for __initial_sp
    entry2.o(__vectab_stack_and_reset_area) refers to startup_stm32f10x_hd.o(STACK) for __initial_sp
    entry2.o(__vectab_stack_and_reset_area) refers to entry.o(.ARM.Collect$$$$00000000) for __main
    entry5.o(.ARM.Collect$$$$00000004) refers to init.o(.text) for __scatterload
    entry9a.o(.ARM.Collect$$$$0000000B) refers to main.o(.text) for main
    entry9b.o(.ARM.Collect$$$$0000000C) refers to main.o(.text) for main
    init.o(.text) refers to entry5.o(.ARM.Collect$$$$00000004) for __main_after_scatterload


==============================================================================

Removing Unused input sections from the image.

    Removing startup_stm32f10x_hd.o(HEAP), (512 bytes).
    Removing tempad.o(.text), (256 bytes).
    Removing tempad.o(.data), (2 bytes).
    Removing stm32f10x_dbgmcu.o(.text), (48 bytes).
    Removing stm32f10x_flash.o(.text), (1468 bytes).
    Removing stm32f10x_tim.o(.text), (3610 bytes).
    Removing stm32f10x_dma.o(.text), (592 bytes).
    Removing stm32f10x_adc.o(.text), (1102 bytes).
    Removing core_cm3.o(.emb_text), (32 bytes).

9 unused section(s) (total 7622 bytes) removed from the image.

==============================================================================

Image Symbol Table

    Local Symbols

    Symbol Name                              Value     Ov Type        Size  Object(Section)

    ../clib/microlib/init/entry.s            0x00000000   Number         0  entry2.o ABSOLUTE
    ../clib/microlib/init/entry.s            0x00000000   Number         0  entry11b.o ABSOLUTE
    ../clib/microlib/init/entry.s            0x00000000   Number         0  entry11a.o ABSOLUTE
    ../clib/microlib/init/entry.s            0x00000000   Number         0  entry10a.o ABSOLUTE
    ../clib/microlib/init/entry.s            0x00000000   Number         0  entry9b.o ABSOLUTE
    ../clib/microlib/init/entry.s            0x00000000   Number         0  entry9a.o ABSOLUTE
    ../clib/microlib/init/entry.s            0x00000000   Number         0  entry8b.o ABSOLUTE
    ../clib/microlib/init/entry.s            0x00000000   Number         0  entry8a.o ABSOLUTE
    ../clib/microlib/init/entry.s            0x00000000   Number         0  entry5.o ABSOLUTE
    ../clib/microlib/init/entry.s            0x00000000   Number         0  entry10b.o ABSOLUTE
    ../clib/microlib/init/entry.s            0x00000000   Number         0  entry7b.o ABSOLUTE
    ../clib/microlib/init/entry.s            0x00000000   Number         0  entry7a.o ABSOLUTE
    ../clib/microlib/init/entry.s            0x00000000   Number         0  entry.o ABSOLUTE
    ..\CMSIS\core_cm3.c                      0x00000000   Number         0  core_cm3.o ABSOLUTE
    ..\CMSIS\startup\startup_stm32f10x_hd.s  0x00000000   Number         0  startup_stm32f10x_hd.o ABSOLUTE
    ..\CMSIS\system_stm32f10x.c              0x00000000   Number         0  system_stm32f10x.o ABSOLUTE
    ..\FWlib\src\misc.c                      0x00000000   Number         0  misc.o ABSOLUTE
    ..\FWlib\src\stm32f10x_adc.c             0x00000000   Number         0  stm32f10x_adc.o ABSOLUTE
    ..\FWlib\src\stm32f10x_dbgmcu.c          0x00000000   Number         0  stm32f10x_dbgmcu.o ABSOLUTE
    ..\FWlib\src\stm32f10x_dma.c             0x00000000   Number         0  stm32f10x_dma.o ABSOLUTE
    ..\FWlib\src\stm32f10x_flash.c           0x00000000   Number         0  stm32f10x_flash.o ABSOLUTE
    ..\FWlib\src\stm32f10x_gpio.c            0x00000000   Number         0  stm32f10x_gpio.o ABSOLUTE
    ..\FWlib\src\stm32f10x_rcc.c             0x00000000   Number         0  stm32f10x_rcc.o ABSOLUTE
    ..\FWlib\src\stm32f10x_tim.c             0x00000000   Number         0  stm32f10x_tim.o ABSOLUTE
    ..\FWlib\src\stm32f10x_usart.c           0x00000000   Number         0  stm32f10x_usart.o ABSOLUTE
    ..\USERHARDWARE\OLED\oled.c              0x00000000   Number         0  oled.o ABSOLUTE
    ..\USERHARDWARE\TEMP\tempad.c            0x00000000   Number         0  tempad.o ABSOLUTE
    ..\USERHARDWARE\UART\usart.c             0x00000000   Number         0  usart.o ABSOLUTE
    ..\USERHARDWARE\command.c                0x00000000   Number         0  command.o ABSOLUTE
    ..\\CMSIS\\core_cm3.c                    0x00000000   Number         0  core_cm3.o ABSOLUTE
    dc.s                                     0x00000000   Number         0  dc.o ABSOLUTE
    handlers.s                               0x00000000   Number         0  handlers.o ABSOLUTE
    init.s                                   0x00000000   Number         0  init.o ABSOLUTE
    main.c                                   0x00000000   Number         0  main.o ABSOLUTE
    stm32f10x_it.c                           0x00000000   Number         0  stm32f10x_it.o ABSOLUTE
    RESET                                    0x08000000   Section      304  startup_stm32f10x_hd.o(RESET)
    .ARM.Collect$$$$00000000                 0x08000130   Section        0  entry.o(.ARM.Collect$$$$00000000)
    .ARM.Collect$$$$00000001                 0x08000130   Section        4  entry2.o(.ARM.Collect$$$$00000001)
    .ARM.Collect$$$$00000004                 0x08000134   Section        4  entry5.o(.ARM.Collect$$$$00000004)
    .ARM.Collect$$$$00000008                 0x08000138   Section        0  entry7b.o(.ARM.Collect$$$$00000008)
    .ARM.Collect$$$$0000000A                 0x08000138   Section        0  entry8b.o(.ARM.Collect$$$$0000000A)
    .ARM.Collect$$$$0000000B                 0x08000138   Section        8  entry9a.o(.ARM.Collect$$$$0000000B)
    .ARM.Collect$$$$0000000D                 0x08000140   Section        0  entry10a.o(.ARM.Collect$$$$0000000D)
    .ARM.Collect$$$$0000000F                 0x08000140   Section        0  entry11a.o(.ARM.Collect$$$$0000000F)
    .ARM.Collect$$$$00002712                 0x08000140   Section        4  entry2.o(.ARM.Collect$$$$00002712)
    __lit__00000000                          0x08000140   Data           4  entry2.o(.ARM.Collect$$$$00002712)
    .text                                    0x08000144   Section       36  startup_stm32f10x_hd.o(.text)
    .text                                    0x08000168   Section        0  main.o(.text)
    .text                                    0x0800061c   Section        0  oled.o(.text)
    .text                                    0x08000e64   Section        0  stm32f10x_it.o(.text)
    .text                                    0x08000e80   Section        0  usart.o(.text)
    itoa                                     0x08000f89   Thumb Code    98  usart.o(.text)
    .text                                    0x080010a0   Section        0  command.o(.text)
    .text                                    0x080011a0   Section        0  misc.o(.text)
    .text                                    0x0800127c   Section        0  stm32f10x_gpio.o(.text)
    .text                                    0x080015d4   Section        0  stm32f10x_rcc.o(.text)
    .text                                    0x08001978   Section        0  stm32f10x_usart.o(.text)
    .text                                    0x08001d80   Section        0  system_stm32f10x.o(.text)
    SetSysClockTo72                          0x08001d81   Thumb Code   212  system_stm32f10x.o(.text)
    SetSysClock                              0x08001e55   Thumb Code     8  system_stm32f10x.o(.text)
    .text                                    0x08001f5c   Section       36  init.o(.text)
    i.__scatterload_copy                     0x08001f80   Section       14  handlers.o(i.__scatterload_copy)
    i.__scatterload_null                     0x08001f8e   Section        2  handlers.o(i.__scatterload_null)
    i.__scatterload_zeroinit                 0x08001f90   Section       14  handlers.o(i.__scatterload_zeroinit)
    .constdata                               0x08001f9e   Section     4726  oled.o(.constdata)
    .data                                    0x20000000   Section        4  main.o(.data)
    .data                                    0x20000004   Section        8  oled.o(.data)
    .data                                    0x2000000c   Section        5  command.o(.data)
    .data                                    0x20000011   Section       20  stm32f10x_rcc.o(.data)
    APBAHBPrescTable                         0x20000011   Data          16  stm32f10x_rcc.o(.data)
    ADCPrescTable                            0x20000021   Data           4  stm32f10x_rcc.o(.data)
    .data                                    0x20000028   Section       20  system_stm32f10x.o(.data)
    .bss                                     0x2000003c   Section       34  main.o(.bss)
    .bss                                     0x20000060   Section     1664  oled.o(.bss)
    .bss                                     0x200006e0   Section       20  command.o(.bss)
    STACK                                    0x200006f8   Section     1024  startup_stm32f10x_hd.o(STACK)

    Global Symbols

    Symbol Name                              Value     Ov Type        Size  Object(Section)

    BuildAttributes$$THM_ISAv4$P$D$K$B$S$PE$A:L22UL41UL21$X:L11$S22US41US21$IEEE1$IW$USESV6$~STKCKD$USESV7$~SHL$OSPACE$EBA8$MICROLIB$REQ8$PRES8$EABIv2 0x00000000   Number         0  anon$$obj.o ABSOLUTE
    __ARM_use_no_argv                        0x00000000   Number         0  main.o ABSOLUTE
    __cpp_initialize__aeabi_                  - Undefined Weak Reference
    __cxa_finalize                            - Undefined Weak Reference
    __decompress                              - Undefined Weak Reference
    _clock_init                               - Undefined Weak Reference
    _microlib_exit                            - Undefined Weak Reference
    __Vectors_Size                           0x00000130   Number         0  startup_stm32f10x_hd.o ABSOLUTE
    __Vectors                                0x08000000   Data           4  startup_stm32f10x_hd.o(RESET)
    __Vectors_End                            0x08000130   Data           0  startup_stm32f10x_hd.o(RESET)
    __main                                   0x08000131   Thumb Code     0  entry.o(.ARM.Collect$$$$00000000)
    _main_stk                                0x08000131   Thumb Code     0  entry2.o(.ARM.Collect$$$$00000001)
    _main_scatterload                        0x08000135   Thumb Code     0  entry5.o(.ARM.Collect$$$$00000004)
    __main_after_scatterload                 0x08000139   Thumb Code     0  entry5.o(.ARM.Collect$$$$00000004)
    _main_clock                              0x08000139   Thumb Code     0  entry7b.o(.ARM.Collect$$$$00000008)
    _main_cpp_init                           0x08000139   Thumb Code     0  entry8b.o(.ARM.Collect$$$$0000000A)
    _main_init                               0x08000139   Thumb Code     0  entry9a.o(.ARM.Collect$$$$0000000B)
    __rt_final_cpp                           0x08000141   Thumb Code     0  entry10a.o(.ARM.Collect$$$$0000000D)
    __rt_final_exit                          0x08000141   Thumb Code     0  entry11a.o(.ARM.Collect$$$$0000000F)
    Reset_Handler                            0x08000145   Thumb Code     8  startup_stm32f10x_hd.o(.text)
    ADC1_2_IRQHandler                        0x0800015f   Thumb Code     0  startup_stm32f10x_hd.o(.text)
    ADC3_IRQHandler                          0x0800015f   Thumb Code     0  startup_stm32f10x_hd.o(.text)
    CAN1_RX1_IRQHandler                      0x0800015f   Thumb Code     0  startup_stm32f10x_hd.o(.text)
    CAN1_SCE_IRQHandler                      0x0800015f   Thumb Code     0  startup_stm32f10x_hd.o(.text)
    DMA1_Channel1_IRQHandler                 0x0800015f   Thumb Code     0  startup_stm32f10x_hd.o(.text)
    DMA1_Channel2_IRQHandler                 0x0800015f   Thumb Code     0  startup_stm32f10x_hd.o(.text)
    DMA1_Channel3_IRQHandler                 0x0800015f   Thumb Code     0  startup_stm32f10x_hd.o(.text)
    DMA1_Channel4_IRQHandler                 0x0800015f   Thumb Code     0  startup_stm32f10x_hd.o(.text)
    DMA1_Channel5_IRQHandler                 0x0800015f   Thumb Code     0  startup_stm32f10x_hd.o(.text)
    DMA1_Channel6_IRQHandler                 0x0800015f   Thumb Code     0  startup_stm32f10x_hd.o(.text)
    DMA1_Channel7_IRQHandler                 0x0800015f   Thumb Code     0  startup_stm32f10x_hd.o(.text)
    DMA2_Channel1_IRQHandler                 0x0800015f   Thumb Code     0  startup_stm32f10x_hd.o(.text)
    DMA2_Channel2_IRQHandler                 0x0800015f   Thumb Code     0  startup_stm32f10x_hd.o(.text)
    DMA2_Channel3_IRQHandler                 0x0800015f   Thumb Code     0  startup_stm32f10x_hd.o(.text)
    DMA2_Channel4_5_IRQHandler               0x0800015f   Thumb Code     0  startup_stm32f10x_hd.o(.text)
    EXTI0_IRQHandler                         0x0800015f   Thumb Code     0  startup_stm32f10x_hd.o(.text)
    EXTI15_10_IRQHandler                     0x0800015f   Thumb Code     0  startup_stm32f10x_hd.o(.text)
    EXTI1_IRQHandler                         0x0800015f   Thumb Code     0  startup_stm32f10x_hd.o(.text)
    EXTI2_IRQHandler                         0x0800015f   Thumb Code     0  startup_stm32f10x_hd.o(.text)
    EXTI3_IRQHandler                         0x0800015f   Thumb Code     0  startup_stm32f10x_hd.o(.text)
    EXTI4_IRQHandler                         0x0800015f   Thumb Code     0  startup_stm32f10x_hd.o(.text)
    EXTI9_5_IRQHandler                       0x0800015f   Thumb Code     0  startup_stm32f10x_hd.o(.text)
    FLASH_IRQHandler                         0x0800015f   Thumb Code     0  startup_stm32f10x_hd.o(.text)
    FSMC_IRQHandler                          0x0800015f   Thumb Code     0  startup_stm32f10x_hd.o(.text)
    I2C1_ER_IRQHandler                       0x0800015f   Thumb Code     0  startup_stm32f10x_hd.o(.text)
    I2C1_EV_IRQHandler                       0x0800015f   Thumb Code     0  startup_stm32f10x_hd.o(.text)
    I2C2_ER_IRQHandler                       0x0800015f   Thumb Code     0  startup_stm32f10x_hd.o(.text)
    I2C2_EV_IRQHandler                       0x0800015f   Thumb Code     0  startup_stm32f10x_hd.o(.text)
    PVD_IRQHandler                           0x0800015f   Thumb Code     0  startup_stm32f10x_hd.o(.text)
    RCC_IRQHandler                           0x0800015f   Thumb Code     0  startup_stm32f10x_hd.o(.text)
    RTCAlarm_IRQHandler                      0x0800015f   Thumb Code     0  startup_stm32f10x_hd.o(.text)
    RTC_IRQHandler                           0x0800015f   Thumb Code     0  startup_stm32f10x_hd.o(.text)
    SDIO_IRQHandler                          0x0800015f   Thumb Code     0  startup_stm32f10x_hd.o(.text)
    SPI1_IRQHandler                          0x0800015f   Thumb Code     0  startup_stm32f10x_hd.o(.text)
    SPI2_IRQHandler                          0x0800015f   Thumb Code     0  startup_stm32f10x_hd.o(.text)
    SPI3_IRQHandler                          0x0800015f   Thumb Code     0  startup_stm32f10x_hd.o(.text)
    TAMPER_IRQHandler                        0x0800015f   Thumb Code     0  startup_stm32f10x_hd.o(.text)
    TIM1_BRK_IRQHandler                      0x0800015f   Thumb Code     0  startup_stm32f10x_hd.o(.text)
    TIM1_CC_IRQHandler                       0x0800015f   Thumb Code     0  startup_stm32f10x_hd.o(.text)
    TIM1_TRG_COM_IRQHandler                  0x0800015f   Thumb Code     0  startup_stm32f10x_hd.o(.text)
    TIM1_UP_IRQHandler                       0x0800015f   Thumb Code     0  startup_stm32f10x_hd.o(.text)
    TIM2_IRQHandler                          0x0800015f   Thumb Code     0  startup_stm32f10x_hd.o(.text)
    TIM3_IRQHandler                          0x0800015f   Thumb Code     0  startup_stm32f10x_hd.o(.text)
    TIM4_IRQHandler                          0x0800015f   Thumb Code     0  startup_stm32f10x_hd.o(.text)
    TIM5_IRQHandler                          0x0800015f   Thumb Code     0  startup_stm32f10x_hd.o(.text)
    TIM6_IRQHandler                          0x0800015f   Thumb Code     0  startup_stm32f10x_hd.o(.text)
    TIM7_IRQHandler                          0x0800015f   Thumb Code     0  startup_stm32f10x_hd.o(.text)
    TIM8_BRK_IRQHandler                      0x0800015f   Thumb Code     0  startup_stm32f10x_hd.o(.text)
    TIM8_CC_IRQHandler                       0x0800015f   Thumb Code     0  startup_stm32f10x_hd.o(.text)
    TIM8_TRG_COM_IRQHandler                  0x0800015f   Thumb Code     0  startup_stm32f10x_hd.o(.text)
    TIM8_UP_IRQHandler                       0x0800015f   Thumb Code     0  startup_stm32f10x_hd.o(.text)
    UART4_IRQHandler                         0x0800015f   Thumb Code     0  startup_stm32f10x_hd.o(.text)
    UART5_IRQHandler                         0x0800015f   Thumb Code     0  startup_stm32f10x_hd.o(.text)
    USART2_IRQHandler                        0x0800015f   Thumb Code     0  startup_stm32f10x_hd.o(.text)
    USBWakeUp_IRQHandler                     0x0800015f   Thumb Code     0  startup_stm32f10x_hd.o(.text)
    USB_HP_CAN1_TX_IRQHandler                0x0800015f   Thumb Code     0  startup_stm32f10x_hd.o(.text)
    USB_LP_CAN1_RX0_IRQHandler               0x0800015f   Thumb Code     0  startup_stm32f10x_hd.o(.text)
    WWDG_IRQHandler                          0x0800015f   Thumb Code     0  startup_stm32f10x_hd.o(.text)
    GPIO_Config                              0x08000169   Thumb Code   226  main.o(.text)
    uart_init                                0x0800024b   Thumb Code   124  main.o(.text)
    gethex                                   0x080002c7   Thumb Code    82  main.o(.text)
    relay_splithex                           0x08000319   Thumb Code   120  main.o(.text)
    module_discriminate                      0x08000391   Thumb Code    94  main.o(.text)
    init_all                                 0x080003ef   Thumb Code    14  main.o(.text)
    module_config                            0x080003fd   Thumb Code   234  main.o(.text)
    command_handle                           0x080004e7   Thumb Code   224  main.o(.text)
    main                                     0x080005c7   Thumb Code    58  main.o(.text)
    delay_ms                                 0x0800061d   Thumb Code    54  oled.o(.text)
    delay_us                                 0x08000653   Thumb Code    52  oled.o(.text)
    OLED_WR_Byte                             0x08000687   Thumb Code   100  oled.o(.text)
    LCD_Set_Pos                              0x080006eb   Thumb Code    46  oled.o(.text)
    LCD_P6x8Str                              0x08000719   Thumb Code    98  oled.o(.text)
    OLED_Refresh_Gram                        0x0800077b   Thumb Code    70  oled.o(.text)
    OLED_Display_On                          0x080007c1   Thumb Code    28  oled.o(.text)
    OLED_Display_Off                         0x080007dd   Thumb Code    28  oled.o(.text)
    OLED_Clear                               0x080007f9   Thumb Code    42  oled.o(.text)
    OLED_DrawPoint                           0x08000823   Thumb Code   100  oled.o(.text)
    OLED_Fill                                0x08000887   Thumb Code    58  oled.o(.text)
    OLED_ShowChar                            0x080008c1   Thumb Code   158  oled.o(.text)
    oled_pow                                 0x0800095f   Thumb Code    22  oled.o(.text)
    OLED_ShowNum                             0x08000975   Thumb Code   148  oled.o(.text)
    OLED_ShowString                          0x08000a09   Thumb Code    68  oled.o(.text)
    OLED_Init                                0x08000a4d   Thumb Code   298  oled.o(.text)
    LCD_P8x16Str                             0x08000b77   Thumb Code   134  oled.o(.text)
    LCD_PutPixel                             0x08000bfd   Thumb Code    82  oled.o(.text)
    LCD_powershow                            0x08000c4f   Thumb Code    80  oled.o(.text)
    refresh_show                             0x08000c9f   Thumb Code    66  oled.o(.text)
    temp                                     0x08000ce1   Thumb Code   100  oled.o(.text)
    wave                                     0x08000d45   Thumb Code   238  oled.o(.text)
    point                                    0x08000e33   Thumb Code    30  oled.o(.text)
    NMI_Handler                              0x08000e65   Thumb Code     2  stm32f10x_it.o(.text)
    HardFault_Handler                        0x08000e67   Thumb Code     4  stm32f10x_it.o(.text)
    MemManage_Handler                        0x08000e6b   Thumb Code     4  stm32f10x_it.o(.text)
    BusFault_Handler                         0x08000e6f   Thumb Code     4  stm32f10x_it.o(.text)
    UsageFault_Handler                       0x08000e73   Thumb Code     4  stm32f10x_it.o(.text)
    SVC_Handler                              0x08000e77   Thumb Code     2  stm32f10x_it.o(.text)
    DebugMon_Handler                         0x08000e79   Thumb Code     2  stm32f10x_it.o(.text)
    PendSV_Handler                           0x08000e7b   Thumb Code     2  stm32f10x_it.o(.text)
    SysTick_Handler                          0x08000e7d   Thumb Code     2  stm32f10x_it.o(.text)
    USART1_Config                            0x08000e81   Thumb Code   114  usart.o(.text)
    USART3_Config                            0x08000ef3   Thumb Code   120  usart.o(.text)
    fputc                                    0x08000f6b   Thumb Code    30  usart.o(.text)
    USART_printf                             0x08000feb   Thumb Code    66  usart.o(.text)
    NVIC_Configuration                       0x0800102d   Thumb Code    96  usart.o(.text)
    USART3_IRQHandler                        0x080010a1   Thumb Code   112  command.o(.text)
    USART1_IRQHandler                        0x08001111   Thumb Code   118  command.o(.text)
    NVIC_PriorityGroupConfig                 0x080011a1   Thumb Code    10  misc.o(.text)
    NVIC_Init                                0x080011ab   Thumb Code   102  misc.o(.text)
    NVIC_SetVectorTable                      0x08001211   Thumb Code    14  misc.o(.text)
    NVIC_SystemLPConfig                      0x0800121f   Thumb Code    34  misc.o(.text)
    SysTick_CLKSourceConfig                  0x08001241   Thumb Code    40  misc.o(.text)
    GPIO_DeInit                              0x0800127d   Thumb Code   172  stm32f10x_gpio.o(.text)
    GPIO_AFIODeInit                          0x08001329   Thumb Code    20  stm32f10x_gpio.o(.text)
    GPIO_Init                                0x0800133d   Thumb Code   274  stm32f10x_gpio.o(.text)
    GPIO_StructInit                          0x0800144f   Thumb Code    16  stm32f10x_gpio.o(.text)
    GPIO_ReadInputDataBit                    0x0800145f   Thumb Code    18  stm32f10x_gpio.o(.text)
    GPIO_ReadInputData                       0x08001471   Thumb Code     8  stm32f10x_gpio.o(.text)
    GPIO_ReadOutputDataBit                   0x08001479   Thumb Code    18  stm32f10x_gpio.o(.text)
    GPIO_ReadOutputData                      0x0800148b   Thumb Code     8  stm32f10x_gpio.o(.text)
    GPIO_SetBits                             0x08001493   Thumb Code     4  stm32f10x_gpio.o(.text)
    GPIO_ResetBits                           0x08001497   Thumb Code     4  stm32f10x_gpio.o(.text)
    GPIO_WriteBit                            0x0800149b   Thumb Code    10  stm32f10x_gpio.o(.text)
    GPIO_Write                               0x080014a5   Thumb Code     4  stm32f10x_gpio.o(.text)
    GPIO_PinLockConfig                       0x080014a9   Thumb Code    18  stm32f10x_gpio.o(.text)
    GPIO_EventOutputConfig                   0x080014bb   Thumb Code    26  stm32f10x_gpio.o(.text)
    GPIO_EventOutputCmd                      0x080014d5   Thumb Code     6  stm32f10x_gpio.o(.text)
    GPIO_PinRemapConfig                      0x080014db   Thumb Code   138  stm32f10x_gpio.o(.text)
    GPIO_EXTILineConfig                      0x08001565   Thumb Code    66  stm32f10x_gpio.o(.text)
    GPIO_ETH_MediaInterfaceConfig            0x080015a7   Thumb Code     6  stm32f10x_gpio.o(.text)
    RCC_DeInit                               0x080015d5   Thumb Code    64  stm32f10x_rcc.o(.text)
    RCC_HSEConfig                            0x08001615   Thumb Code    70  stm32f10x_rcc.o(.text)
    RCC_GetFlagStatus                        0x0800165b   Thumb Code    56  stm32f10x_rcc.o(.text)
    RCC_WaitForHSEStartUp                    0x08001693   Thumb Code    56  stm32f10x_rcc.o(.text)
    RCC_AdjustHSICalibrationValue            0x080016cb   Thumb Code    20  stm32f10x_rcc.o(.text)
    RCC_HSICmd                               0x080016df   Thumb Code     6  stm32f10x_rcc.o(.text)
    RCC_PLLConfig                            0x080016e5   Thumb Code    24  stm32f10x_rcc.o(.text)
    RCC_PLLCmd                               0x080016fd   Thumb Code     6  stm32f10x_rcc.o(.text)
    RCC_SYSCLKConfig                         0x08001703   Thumb Code    18  stm32f10x_rcc.o(.text)
    RCC_GetSYSCLKSource                      0x08001715   Thumb Code    10  stm32f10x_rcc.o(.text)
    RCC_HCLKConfig                           0x0800171f   Thumb Code    18  stm32f10x_rcc.o(.text)
    RCC_PCLK1Config                          0x08001731   Thumb Code    18  stm32f10x_rcc.o(.text)
    RCC_PCLK2Config                          0x08001743   Thumb Code    20  stm32f10x_rcc.o(.text)
    RCC_ITConfig                             0x08001757   Thumb Code    26  stm32f10x_rcc.o(.text)
    RCC_USBCLKConfig                         0x08001771   Thumb Code     6  stm32f10x_rcc.o(.text)
    RCC_ADCCLKConfig                         0x08001777   Thumb Code    18  stm32f10x_rcc.o(.text)
    RCC_LSEConfig                            0x08001789   Thumb Code    44  stm32f10x_rcc.o(.text)
    RCC_LSICmd                               0x080017b5   Thumb Code     6  stm32f10x_rcc.o(.text)
    RCC_RTCCLKConfig                         0x080017bb   Thumb Code    12  stm32f10x_rcc.o(.text)
    RCC_RTCCLKCmd                            0x080017c7   Thumb Code     8  stm32f10x_rcc.o(.text)
    RCC_GetClocksFreq                        0x080017cf   Thumb Code   192  stm32f10x_rcc.o(.text)
    RCC_AHBPeriphClockCmd                    0x0800188f   Thumb Code    26  stm32f10x_rcc.o(.text)
    RCC_APB2PeriphClockCmd                   0x080018a9   Thumb Code    26  stm32f10x_rcc.o(.text)
    RCC_APB1PeriphClockCmd                   0x080018c3   Thumb Code    26  stm32f10x_rcc.o(.text)
    RCC_APB2PeriphResetCmd                   0x080018dd   Thumb Code    26  stm32f10x_rcc.o(.text)
    RCC_APB1PeriphResetCmd                   0x080018f7   Thumb Code    26  stm32f10x_rcc.o(.text)
    RCC_BackupResetCmd                       0x08001911   Thumb Code     8  stm32f10x_rcc.o(.text)
    RCC_ClockSecuritySystemCmd               0x08001919   Thumb Code     6  stm32f10x_rcc.o(.text)
    RCC_MCOConfig                            0x0800191f   Thumb Code     6  stm32f10x_rcc.o(.text)
    RCC_ClearFlag                            0x08001925   Thumb Code    14  stm32f10x_rcc.o(.text)
    RCC_GetITStatus                          0x08001933   Thumb Code    20  stm32f10x_rcc.o(.text)
    RCC_ClearITPendingBit                    0x08001947   Thumb Code     6  stm32f10x_rcc.o(.text)
    USART_DeInit                             0x08001979   Thumb Code   134  stm32f10x_usart.o(.text)
    USART_Init                               0x080019ff   Thumb Code   210  stm32f10x_usart.o(.text)
    USART_StructInit                         0x08001ad1   Thumb Code    24  stm32f10x_usart.o(.text)
    USART_ClockInit                          0x08001ae9   Thumb Code    34  stm32f10x_usart.o(.text)
    USART_ClockStructInit                    0x08001b0b   Thumb Code    12  stm32f10x_usart.o(.text)
    USART_Cmd                                0x08001b17   Thumb Code    24  stm32f10x_usart.o(.text)
    USART_ITConfig                           0x08001b2f   Thumb Code    74  stm32f10x_usart.o(.text)
    USART_DMACmd                             0x08001b79   Thumb Code    18  stm32f10x_usart.o(.text)
    USART_SetAddress                         0x08001b8b   Thumb Code    18  stm32f10x_usart.o(.text)
    USART_WakeUpConfig                       0x08001b9d   Thumb Code    18  stm32f10x_usart.o(.text)
    USART_ReceiverWakeUpCmd                  0x08001baf   Thumb Code    24  stm32f10x_usart.o(.text)
    USART_LINBreakDetectLengthConfig         0x08001bc7   Thumb Code    18  stm32f10x_usart.o(.text)
    USART_LINCmd                             0x08001bd9   Thumb Code    24  stm32f10x_usart.o(.text)
    USART_SendData                           0x08001bf1   Thumb Code     8  stm32f10x_usart.o(.text)
    USART_ReceiveData                        0x08001bf9   Thumb Code    10  stm32f10x_usart.o(.text)
    USART_SendBreak                          0x08001c03   Thumb Code    10  stm32f10x_usart.o(.text)
    USART_SetGuardTime                       0x08001c0d   Thumb Code    16  stm32f10x_usart.o(.text)
    USART_SetPrescaler                       0x08001c1d   Thumb Code    16  stm32f10x_usart.o(.text)
    USART_SmartCardCmd                       0x08001c2d   Thumb Code    24  stm32f10x_usart.o(.text)
    USART_SmartCardNACKCmd                   0x08001c45   Thumb Code    24  stm32f10x_usart.o(.text)
    USART_HalfDuplexCmd                      0x08001c5d   Thumb Code    24  stm32f10x_usart.o(.text)
    USART_OverSampling8Cmd                   0x08001c75   Thumb Code    22  stm32f10x_usart.o(.text)
    USART_OneBitMethodCmd                    0x08001c8b   Thumb Code    24  stm32f10x_usart.o(.text)
    USART_IrDAConfig                         0x08001ca3   Thumb Code    18  stm32f10x_usart.o(.text)
    USART_IrDACmd                            0x08001cb5   Thumb Code    24  stm32f10x_usart.o(.text)
    USART_GetFlagStatus                      0x08001ccd   Thumb Code    26  stm32f10x_usart.o(.text)
    USART_ClearFlag                          0x08001ce7   Thumb Code    18  stm32f10x_usart.o(.text)
    USART_GetITStatus                        0x08001cf9   Thumb Code    84  stm32f10x_usart.o(.text)
    USART_ClearITPendingBit                  0x08001d4d   Thumb Code    52  stm32f10x_usart.o(.text)
    SystemInit                               0x08001e5d   Thumb Code    78  system_stm32f10x.o(.text)
    SystemCoreClockUpdate                    0x08001eab   Thumb Code   142  system_stm32f10x.o(.text)
    __scatterload                            0x08001f5d   Thumb Code    28  init.o(.text)
    __scatterload_rt2                        0x08001f5d   Thumb Code     0  init.o(.text)
    __scatterload_copy                       0x08001f81   Thumb Code    14  handlers.o(i.__scatterload_copy)
    __scatterload_null                       0x08001f8f   Thumb Code     2  handlers.o(i.__scatterload_null)
    __scatterload_zeroinit                   0x08001f91   Thumb Code    14  handlers.o(i.__scatterload_zeroinit)
    F6x8                                     0x08001f9e   Data         546  oled.o(.constdata)
    oled_asc2_1206                           0x080021c0   Data        1140  oled.o(.constdata)
    oled_asc2_1608                           0x08002634   Data        1520  oled.o(.constdata)
    F8X16                                    0x08002c24   Data        1520  oled.o(.constdata)
    Region$$Table$$Base                      0x08003214   Number         0  anon$$obj.o(Region$$Table)
    Region$$Table$$Limit                     0x08003234   Number         0  anon$$obj.o(Region$$Table)
    module_flag                              0x20000000   Data           1  main.o(.data)
    Current_Temp                             0x20000002   Data           2  main.o(.data)
    power_line                               0x20000004   Data           8  oled.o(.data)
    handle_flag                              0x2000000c   Data           1  command.o(.data)
    temp_cnt                                 0x2000000d   Data           1  command.o(.data)
    recive_command                           0x2000000e   Data           3  command.o(.data)
    SystemCoreClock                          0x20000028   Data           4  system_stm32f10x.o(.data)
    AHBPrescTable                            0x2000002c   Data          16  system_stm32f10x.o(.data)
    command_send                             0x2000003c   Data           9  main.o(.bss)
    master_send                              0x20000045   Data           9  main.o(.bss)
    char_temp                                0x2000004e   Data          16  main.o(.bss)
    temp_array                               0x20000060   Data         512  oled.o(.bss)
    value_max                                0x20000260   Data         128  oled.o(.bss)
    OLED_GRAM                                0x200002e0   Data        1024  oled.o(.bss)
    recive_temp                              0x200006e0   Data          10  command.o(.bss)
    temp_char                                0x200006ea   Data          10  command.o(.bss)
    __initial_sp                             0x20000af8   Data           0  startup_stm32f10x_hd.o(STACK)



==============================================================================

Memory Map of the image

  Image Entry point : 0x08000131

  Load Region LR_IROM1 (Base: 0x08000000, Size: 0x00003270, Max: 0x00080000, ABSOLUTE)

    Execution Region ER_IROM1 (Base: 0x08000000, Size: 0x00003234, Max: 0x00080000, ABSOLUTE)

    Base Addr    Size         Type   Attr      Idx    E Section Name        Object

    0x08000000   0x00000130   Data   RO            3    RESET               startup_stm32f10x_hd.o
    0x08000130   0x00000000   Code   RO          629  * .ARM.Collect$$$$00000000  mc_w.l(entry.o)
    0x08000130   0x00000004   Code   RO          632    .ARM.Collect$$$$00000001  mc_w.l(entry2.o)
    0x08000134   0x00000004   Code   RO          635    .ARM.Collect$$$$00000004  mc_w.l(entry5.o)
    0x08000138   0x00000000   Code   RO          637    .ARM.Collect$$$$00000008  mc_w.l(entry7b.o)
    0x08000138   0x00000000   Code   RO          639    .ARM.Collect$$$$0000000A  mc_w.l(entry8b.o)
    0x08000138   0x00000008   Code   RO          640    .ARM.Collect$$$$0000000B  mc_w.l(entry9a.o)
    0x08000140   0x00000000   Code   RO          642    .ARM.Collect$$$$0000000D  mc_w.l(entry10a.o)
    0x08000140   0x00000000   Code   RO          644    .ARM.Collect$$$$0000000F  mc_w.l(entry11a.o)
    0x08000140   0x00000004   Code   RO          633    .ARM.Collect$$$$00002712  mc_w.l(entry2.o)
    0x08000144   0x00000024   Code   RO            4    .text               startup_stm32f10x_hd.o
    0x08000168   0x000004b4   Code   RO           10    .text               main.o
    0x0800061c   0x00000848   Code   RO          136    .text               oled.o
    0x08000e64   0x0000001a   Code   RO          254    .text               stm32f10x_it.o
    0x08000e7e   0x00000002   PAD
    0x08000e80   0x00000220   Code   RO          370    .text               usart.o
    0x080010a0   0x00000100   Code   RO          475    .text               command.o
    0x080011a0   0x000000dc   Code   RO          491    .text               misc.o
    0x0800127c   0x00000358   Code   RO          527    .text               stm32f10x_gpio.o
    0x080015d4   0x000003a4   Code   RO          539    .text               stm32f10x_rcc.o
    0x08001978   0x00000408   Code   RO          565    .text               stm32f10x_usart.o
    0x08001d80   0x000001dc   Code   RO          611    .text               system_stm32f10x.o
    0x08001f5c   0x00000024   Code   RO          646    .text               mc_w.l(init.o)
    0x08001f80   0x0000000e   Code   RO          650    i.__scatterload_copy  mc_w.l(handlers.o)
    0x08001f8e   0x00000002   Code   RO          651    i.__scatterload_null  mc_w.l(handlers.o)
    0x08001f90   0x0000000e   Code   RO          652    i.__scatterload_zeroinit  mc_w.l(handlers.o)
    0x08001f9e   0x00001276   Data   RO          138    .constdata          oled.o
    0x08003214   0x00000020   Data   RO          648    Region$$Table       anon$$obj.o


    Execution Region RW_IRAM1 (Base: 0x20000000, Size: 0x00000af8, Max: 0x00010000, ABSOLUTE)

    Base Addr    Size         Type   Attr      Idx    E Section Name        Object

    0x20000000   0x00000004   Data   RW           12    .data               main.o
    0x20000004   0x00000008   Data   RW          139    .data               oled.o
    0x2000000c   0x00000005   Data   RW          477    .data               command.o
    0x20000011   0x00000014   Data   RW          540    .data               stm32f10x_rcc.o
    0x20000025   0x00000003   PAD
    0x20000028   0x00000014   Data   RW          612    .data               system_stm32f10x.o
    0x2000003c   0x00000022   Zero   RW           11    .bss                main.o
    0x2000005e   0x00000002   PAD
    0x20000060   0x00000680   Zero   RW          137    .bss                oled.o
    0x200006e0   0x00000014   Zero   RW          476    .bss                command.o
    0x200006f4   0x00000004   PAD
    0x200006f8   0x00000400   Zero   RW            1    STACK               startup_stm32f10x_hd.o


==============================================================================

Image component sizes


      Code (inc. data)   RO Data    RW Data    ZI Data      Debug   Object Name

       256         26          0          5         20       1410   command.o
      1204        112          0          4         34     225203   main.o
       220         20          0          0          0       1681   misc.o
      2120         40       4726          8       1664     219204   oled.o
        36          8        304          0       1024        772   startup_stm32f10x_hd.o
       856         40          0          0          0       5529   stm32f10x_gpio.o
        26          0          0          0          0       1170   stm32f10x_it.o
       932         44          0         20          0       8652   stm32f10x_rcc.o
      1032         22          0          0          0       8248   stm32f10x_usart.o
       476         36          0         20          0       1683   system_stm32f10x.o
         0          0          0          0          0     227680   tempad.o
       544         20          0          0          0     223176   usart.o

    ----------------------------------------------------------------------
      7704        368       5062         60       2748     924408   Object Totals
         0          0         32          0          0          0   (incl. Generated)
         2          0          0          3          6          0   (incl. Padding)

    ----------------------------------------------------------------------

      Code (inc. data)   RO Data    RW Data    ZI Data      Debug   Library Member Name

         0          0          0          0          0          0   entry.o
         0          0          0          0          0          0   entry10a.o
         0          0          0          0          0          0   entry11a.o
         8          4          0          0          0          0   entry2.o
         4          0          0          0          0          0   entry5.o
         0          0          0          0          0          0   entry7b.o
         0          0          0          0          0          0   entry8b.o
         8          4          0          0          0          0   entry9a.o
        30          0          0          0          0          0   handlers.o
        36          8          0          0          0         68   init.o

    ----------------------------------------------------------------------
        86         16          0          0          0         68   Library Totals
         0          0          0          0          0          0   (incl. Padding)

    ----------------------------------------------------------------------

      Code (inc. data)   RO Data    RW Data    ZI Data      Debug   Library Name

        86         16          0          0          0         68   mc_w.l

    ----------------------------------------------------------------------
        86         16          0          0          0         68   Library Totals

    ----------------------------------------------------------------------

==============================================================================


      Code (inc. data)   RO Data    RW Data    ZI Data      Debug   

      7790        384       5062         60       2748     923696   Grand Totals
      7790        384       5062         60       2748     923696   ELF Image Totals
      7790        384       5062         60          0          0   ROM Totals

==============================================================================

    Total RO  Size (Code + RO Data)                12852 (  12.55kB)
    Total RW  Size (RW Data + ZI Data)              2808 (   2.74kB)
    Total ROM Size (Code + RO Data + RW Data)      12912 (  12.61kB)

==============================================================================

